Archive member included because of file (symbol)

c:/altera/11.0sp1/nios2eds/bin/gnu/h-i686-mingw32/bin/../lib/gcc/nios2-elf/4.1.2/../../../../nios2-elf/lib\libc.a(lib_a-puts.o)
                              obj/hello_ucosii.o (puts)
c:/altera/11.0sp1/nios2eds/bin/gnu/h-i686-mingw32/bin/../lib/gcc/nios2-elf/4.1.2/../../../../nios2-elf/lib\libc.a(lib_a-strlen.o)
                              c:/altera/11.0sp1/nios2eds/bin/gnu/h-i686-mingw32/bin/../lib/gcc/nios2-elf/4.1.2/../../../../nios2-elf/lib\libc.a(lib_a-puts.o) (strlen)
c:/altera/11.0sp1/nios2eds/bin/gnu/h-i686-mingw32/bin/../lib/gcc/nios2-elf/4.1.2/../../../../nios2-elf/lib\libc.a(lib_a-fvwrite.o)
                              c:/altera/11.0sp1/nios2eds/bin/gnu/h-i686-mingw32/bin/../lib/gcc/nios2-elf/4.1.2/../../../../nios2-elf/lib\libc.a(lib_a-puts.o) (__sfvwrite_r)
c:/altera/11.0sp1/nios2eds/bin/gnu/h-i686-mingw32/bin/../lib/gcc/nios2-elf/4.1.2/../../../../nios2-elf/lib\libc.a(lib_a-impure.o)
                              c:/altera/11.0sp1/nios2eds/bin/gnu/h-i686-mingw32/bin/../lib/gcc/nios2-elf/4.1.2/../../../../nios2-elf/lib\libc.a(lib_a-puts.o) (_impure_ptr)
c:/altera/11.0sp1/nios2eds/bin/gnu/h-i686-mingw32/bin/../lib/gcc/nios2-elf/4.1.2/../../../../nios2-elf/lib\libc.a(lib_a-mallocr.o)
                              c:/altera/11.0sp1/nios2eds/bin/gnu/h-i686-mingw32/bin/../lib/gcc/nios2-elf/4.1.2/../../../../nios2-elf/lib\libc.a(lib_a-fvwrite.o) (_malloc_r)
c:/altera/11.0sp1/nios2eds/bin/gnu/h-i686-mingw32/bin/../lib/gcc/nios2-elf/4.1.2/../../../../nios2-elf/lib\libc.a(lib_a-memchr.o)
                              c:/altera/11.0sp1/nios2eds/bin/gnu/h-i686-mingw32/bin/../lib/gcc/nios2-elf/4.1.2/../../../../nios2-elf/lib\libc.a(lib_a-fvwrite.o) (memchr)
c:/altera/11.0sp1/nios2eds/bin/gnu/h-i686-mingw32/bin/../lib/gcc/nios2-elf/4.1.2/../../../../nios2-elf/lib\libc.a(lib_a-memcpy.o)
                              c:/altera/11.0sp1/nios2eds/bin/gnu/h-i686-mingw32/bin/../lib/gcc/nios2-elf/4.1.2/../../../../nios2-elf/lib\libc.a(lib_a-fvwrite.o) (memcpy)
c:/altera/11.0sp1/nios2eds/bin/gnu/h-i686-mingw32/bin/../lib/gcc/nios2-elf/4.1.2/../../../../nios2-elf/lib\libc.a(lib_a-memmove.o)
                              c:/altera/11.0sp1/nios2eds/bin/gnu/h-i686-mingw32/bin/../lib/gcc/nios2-elf/4.1.2/../../../../nios2-elf/lib\libc.a(lib_a-fvwrite.o) (memmove)
c:/altera/11.0sp1/nios2eds/bin/gnu/h-i686-mingw32/bin/../lib/gcc/nios2-elf/4.1.2/../../../../nios2-elf/lib\libc.a(lib_a-reallocr.o)
                              c:/altera/11.0sp1/nios2eds/bin/gnu/h-i686-mingw32/bin/../lib/gcc/nios2-elf/4.1.2/../../../../nios2-elf/lib\libc.a(lib_a-fvwrite.o) (_realloc_r)
c:/altera/11.0sp1/nios2eds/bin/gnu/h-i686-mingw32/bin/../lib/gcc/nios2-elf/4.1.2/../../../../nios2-elf/lib\libc.a(lib_a-sbrkr.o)
                              c:/altera/11.0sp1/nios2eds/bin/gnu/h-i686-mingw32/bin/../lib/gcc/nios2-elf/4.1.2/../../../../nios2-elf/lib\libc.a(lib_a-mallocr.o) (_sbrk_r)
c:/altera/11.0sp1/nios2eds/bin/gnu/h-i686-mingw32/bin/../lib/gcc/nios2-elf/4.1.2/../../../../nios2-elf/lib\libc.a(lib_a-wsetup.o)
                              c:/altera/11.0sp1/nios2eds/bin/gnu/h-i686-mingw32/bin/../lib/gcc/nios2-elf/4.1.2/../../../../nios2-elf/lib\libc.a(lib_a-fvwrite.o) (__swsetup_r)
c:/altera/11.0sp1/nios2eds/bin/gnu/h-i686-mingw32/bin/../lib/gcc/nios2-elf/4.1.2/../../../../nios2-elf/lib\libc.a(lib_a-fflush.o)
                              c:/altera/11.0sp1/nios2eds/bin/gnu/h-i686-mingw32/bin/../lib/gcc/nios2-elf/4.1.2/../../../../nios2-elf/lib\libc.a(lib_a-fvwrite.o) (_fflush_r)
c:/altera/11.0sp1/nios2eds/bin/gnu/h-i686-mingw32/bin/../lib/gcc/nios2-elf/4.1.2/../../../../nios2-elf/lib\libc.a(lib_a-findfp.o)
                              c:/altera/11.0sp1/nios2eds/bin/gnu/h-i686-mingw32/bin/../lib/gcc/nios2-elf/4.1.2/../../../../nios2-elf/lib\libc.a(lib_a-wsetup.o) (__sinit)
c:/altera/11.0sp1/nios2eds/bin/gnu/h-i686-mingw32/bin/../lib/gcc/nios2-elf/4.1.2/../../../../nios2-elf/lib\libc.a(lib_a-freer.o)
                              c:/altera/11.0sp1/nios2eds/bin/gnu/h-i686-mingw32/bin/../lib/gcc/nios2-elf/4.1.2/../../../../nios2-elf/lib\libc.a(lib_a-fvwrite.o) (_free_r)
c:/altera/11.0sp1/nios2eds/bin/gnu/h-i686-mingw32/bin/../lib/gcc/nios2-elf/4.1.2/../../../../nios2-elf/lib\libc.a(lib_a-fwalk.o)
                              c:/altera/11.0sp1/nios2eds/bin/gnu/h-i686-mingw32/bin/../lib/gcc/nios2-elf/4.1.2/../../../../nios2-elf/lib\libc.a(lib_a-fflush.o) (_fwalk_reent)
c:/altera/11.0sp1/nios2eds/bin/gnu/h-i686-mingw32/bin/../lib/gcc/nios2-elf/4.1.2/../../../../nios2-elf/lib\libc.a(lib_a-int_errno.o)
                              c:/altera/11.0sp1/nios2eds/bin/gnu/h-i686-mingw32/bin/../lib/gcc/nios2-elf/4.1.2/../../../../nios2-elf/lib\libc.a(lib_a-sbrkr.o) (errno)
c:/altera/11.0sp1/nios2eds/bin/gnu/h-i686-mingw32/bin/../lib/gcc/nios2-elf/4.1.2/../../../../nios2-elf/lib\libc.a(lib_a-makebuf.o)
[...]
Memory Configuration

Name             Origin             Length             Attributes
reset            0x00000000         0x00000020
epcs             0x00000020         0x000007e0
sdram_BEFORE_EXCEPTION 0x04000000         0x00000020
sdram            0x04000020         0x01ffffe0
*default*        0x00000000         0xffffffff

Linker script and memory map

LOAD ../Test_bsp//obj/HAL/src/crt0.o
LOAD obj/hello_ucosii.o
LOAD c:/altera/11.0sp1/nios2eds/bin/gnu/h-i686-mingw32/bin/../lib/gcc/nios2-elf/4.1.2/../../../../nios2-elf/lib\libstdc++.a
LOAD c:/altera/11.0sp1/nios2eds/bin/gnu/h-i686-mingw32/bin/../lib/gcc/nios2-elf/4.1.2/../../../../nios2-elf/lib\libm.a
LOAD c:/altera/11.0sp1/nios2eds/bin/gnu/h-i686-mingw32/bin/../lib/gcc/nios2-elf/4.1.2\libgcc.a
START GROUP
LOAD c:/altera/11.0sp1/nios2eds/bin/gnu/h-i686-mingw32/bin/../lib/gcc/nios2-elf/4.1.2/../../../../nios2-elf/lib\libc.a
LOAD c:/altera/11.0sp1/nios2eds/bin/gnu/h-i686-mingw32/bin/../lib/gcc/nios2-elf/4.1.2\libgcc.a
LOAD ../Test_bsp/\libucosii_bsp.a
END GROUP
LOAD c:/altera/11.0sp1/nios2eds/bin/gnu/h-i686-mingw32/bin/../lib/gcc/nios2-elf/4.1.2\libgcc.a
                0x00000000                __alt_mem_epcs = 0x0
                0x04000000                __alt_mem_sdram = 0x4000000

.entry          0x00000000        0x0
 *(.entry)
 .entry         0x00000000        0x0 ../Test_bsp//obj/HAL/src/crt0.o
                0x00000000                __reset

.exceptions     0x04000020      0x19c
                0x04000020                PROVIDE (__ram_exceptions_start, ABSOLUTE (.))
                0x04000020                . = ALIGN (0x20)
 *(.irq)
 *(.exceptions.entry.label)
 .exceptions.entry.label
                0x04000020        0x0 ../Test_bsp/\libucosii_bsp.a(alt_irq_entry.o)
                0x04000020                alt_irq_entry
 .exceptions.entry.label
                0x04000020        0x0 ../Test_bsp/\libucosii_bsp.a(alt_exception_entry.o)
                0x04000020                alt_exception
 *(.exceptions.entry.user)
 *(.exceptions.entry)
 .exceptions.entry
                0x04000020       0x54 ../Test_bsp/\libucosii_bsp.a(alt_exception_entry.o)
 *(.exceptions.irqtest.user)
 *(.exceptions.irqtest)
 .exceptions.irqtest
                0x04000074       0x10 ../Test_bsp/\libucosii_bsp.a(alt_irq_entry.o)
 *(.exceptions.irqhandler.user)
 *(.exceptions.irqhandler)
 .exceptions.irqhandler
                0x04000084        0x4 ../Test_bsp/\libucosii_bsp.a(alt_irq_entry.o)
 *(.exceptions.irqreturn.user)
 *(.exceptions.irqreturn)
 .exceptions.irqreturn
                0x04000088        0x4 ../Test_bsp/\libucosii_bsp.a(alt_irq_entry.o)
 *(.exceptions.notirq.label)
 .exceptions.notirq.label
                0x0400008c        0x0 ../Test_bsp/\libucosii_bsp.a(alt_irq_entry.o)
 *(.exceptions.notirq.user)
 *(.exceptions.notirq)
 .exceptions.notirq
                0x0400008c        0x8 ../Test_bsp/\libucosii_bsp.a(alt_exception_entry.o)
 *(.exceptions.soft.user)
 *(.exceptions.soft)
 *(.exceptions.unknown.user)
 *(.exceptions.unknown)
 .exceptions.unknown
                0x04000094        0x4 ../Test_bsp/\libucosii_bsp.a(alt_exception_entry.o)
 *(.exceptions.exit.label)
 .exceptions.exit.label
                0x04000098        0x0 ../Test_bsp/\libucosii_bsp.a(alt_irq_entry.o)
 .exceptions.exit.label
                0x04000098        0x0 ../Test_bsp/\libucosii_bsp.a(alt_exception_entry.o)
 *(.exceptions.exit.user)
 *(.exceptions.exit)
 .exceptions.exit
                0x04000098       0x54 ../Test_bsp/\libucosii_bsp.a(alt_exception_entry.o)
 *(.exceptions)
 .exceptions    0x040000ec       0xd0 ../Test_bsp/\libucosii_bsp.a(alt_irq_handler.o)
                0x040000ec                alt_irq_handler
                0x040001bc                PROVIDE (__ram_exceptions_end, ABSOLUTE (.))
                0x04000020                PROVIDE (__flash_exceptions_start, LOADADDR (.exceptions))

.text           0x040001bc     0xf2a4
                0x040001bc                PROVIDE (stext, ABSOLUTE (.))
 *(.interp)
 *(.hash)
 *(.dynsym)
 *(.dynstr)
 *(.gnu.version)
 *(.gnu.version_d)
 *(.gnu.version_r)
 *(.rel.init)
 *(.rela.init)
 *(.rel.text .rel.text.* .rel.gnu.linkonce.t.*)
 *(.rela.text .rela.text.* .rela.gnu.linkonce.t.*)
 *(.rel.fini)
 *(.rela.fini)
 *(.rel.rodata .rel.rodata.* .rel.gnu.linkonce.r.*)
 *(.rela.rodata .rela.rodata.* .rela.gnu.linkonce.r.*)
 *(.rel.data .rel.data.* .rel.gnu.linkonce.d.*)
 *(.rela.data .rela.data.* .rela.gnu.linkonce.d.*)
 *(.rel.tdata .rel.tdata.* .rel.gnu.linkonce.td.*)
 *(.rela.tdata .rela.tdata.* .rela.gnu.linkonce.td.*)
 *(.rel.tbss .rel.tbss.* .rel.gnu.linkonce.tb.*)
 *(.rela.tbss .rela.tbss.* .rela.gnu.linkonce.tb.*)
 *(.rel.ctors)
 *(.rela.ctors)
 *(.rel.dtors)
 *(.rela.dtors)
 *(.rel.got)
 *(.rela.got)
 *(.rel.sdata .rel.sdata.* .rel.gnu.linkonce.s.*)
 *(.rela.sdata .rela.sdata.* .rela.gnu.linkonce.s.*)
 *(.rel.sbss .rel.sbss.* .rel.gnu.linkonce.sb.*)
 *(.rela.sbss .rela.sbss.* .rela.gnu.linkonce.sb.*)
 *(.rel.sdata2 .rel.sdata2.* .rel.gnu.linkonce.s2.*)
 *(.rela.sdata2 .rela.sdata2.* .rela.gnu.linkonce.s2.*)
 *(.rel.sbss2 .rel.sbss2.* .rel.gnu.linkonce.sb2.*)
 *(.rela.sbss2 .rela.sbss2.* .rela.gnu.linkonce.sb2.*)
 *(.rel.bss .rel.bss.* .rel.gnu.linkonce.b.*)
 *(.rela.bss .rela.bss.* .rela.gnu.linkonce.b.*)
 *(.rel.plt)
 *(.rela.plt)
 *(.rel.dyn)
 *(.init)
 *(.plt)
 *(.text .stub .text.* .gnu.linkonce.t.*)
 .text          0x040001bc       0x38 ../Test_bsp//obj/HAL/src/crt0.o
                0x040001bc                _start
 .text          0x040001f4      0x11c obj/hello_ucosii.o
                0x040001f4                task1
                0x0400022c                task2
                0x04000264                main
 .text          0x04000310       0xb4 c:/altera/11.0sp1/nios2eds/bin/gnu/h-i686-mingw32/bin/../lib/gcc/nios2-elf/4.1.2/../../../../nios2-elf/lib\libc.a(lib_a-puts.o)
                0x04000310                _puts_r
                0x040003b0                puts
 .text          0x040003c4       0x74 c:/altera/11.0sp1/nios2eds/bin/gnu/h-i686-mingw32/bin/../lib/gcc/nios2-elf/4.1.2/../../../../nios2-elf/lib\libc.a(lib_a-strlen.o)
                0x040003c4                strlen
 .text          0x04000438      0x49c c:/altera/11.0sp1/nios2eds/bin/gnu/h-i686-mingw32/bin/../lib/gcc/nios2-elf/4.1.2/../../../../nios2-elf/lib\libc.a(lib_a-fvwrite.o)
                0x04000438                __sfvwrite_r
 .text          0x040008d4        0x0 c:/altera/11.0sp1/nios2eds/bin/gnu/h-i686-mingw32/bin/../lib/gcc/nios2-elf/4.1.2/../../../../nios2-elf/lib\libc.a(lib_a-impure.o)
 .text          0x040008d4      0x740 c:/altera/11.0sp1/nios2eds/bin/gnu/h-i686-mingw32/bin/../lib/gcc/nios2-elf/4.1.2/../../../../nios2-elf/lib\libc.a(lib_a-mallocr.o)
                0x040008d4                _malloc_r
 .text          0x04001014       0xe4 c:/altera/11.0sp1/nios2eds/bin/gnu/h-i686-mingw32/bin/../lib/gcc/nios2-elf/4.1.2/../../../../nios2-elf/lib\libc.a(lib_a-memchr.o)
                0x04001014                memchr
 .text          0x040010f8       0xa0 c:/altera/11.0sp1/nios2eds/bin/gnu/h-i686-mingw32/bin/../lib/gcc/nios2-elf/4.1.2/../../../../nios2-elf/lib\libc.a(lib_a-memcpy.o)
                0x040010f8                memcpy
 .text          0x04001198       0xe0 c:/altera/11.0sp1/nios2eds/bin/gnu/h-i686-mingw32/bin/../lib/gcc/nios2-elf/4.1.2/../../../../nios2-elf/lib\libc.a(lib_a-memmove.o)
                0x04001198                memmove
 .text          0x04001278      0x5f4 c:/altera/11.0sp1/nios2eds/bin/gnu/h-i686-mingw32/bin/../lib/gcc/nios2-elf/4.1.2/../../../../nios2-elf/lib\libc.a(lib_a-reallocr.o)
                0x04001278                _realloc_r
 .text          0x0400186c       0x70 c:/altera/11.0sp1/nios2eds/bin/gnu/h-i686-mingw32/bin/../lib/gcc/nios2-elf/4.1.2/../../../../nios2-elf/lib\libc.a(lib_a-sbrkr.o)
                0x0400186c                _sbrk_r
 .text          0x040018dc      0x13c c:/altera/11.0sp1/nios2eds/bin/gnu/h-i686-mingw32/bin/../lib/gcc/nios2-elf/4.1.2/../../../../nios2-elf/lib\libc.a(lib_a-wsetup.o)
                0x040018dc                __swsetup_r
 .text          0x04001a18      0x230 c:/altera/11.0sp1/nios2eds/bin/gnu/h-i686-mingw32/bin/../lib/gcc/nios2-elf/4.1.2/../../../../nios2-elf/lib\libc.a(lib_a-fflush.o)
                0x04001a18                _fflush_r
                0x04001c14                fflush
 .text          0x04001c48      0x2c0 c:/altera/11.0sp1/nios2eds/bin/gnu/h-i686-mingw32/bin/../lib/gcc/nios2-elf/4.1.2/../../../../nios2-elf/lib\libc.a(lib_a-findfp.o)
                0x04001ca0                __sfp_lock_acquire
                0x04001ca4                __sfp_lock_release
                0x04001ca8                __sinit_lock_acquire
                0x04001cac                __sinit_lock_release
                0x04001cb0                __sinit
                0x04001d64                __fp_unlock_all
                0x04001d7c                __fp_lock_all
                0x04001d94                _cleanup_r
                0x04001da0                _cleanup
                0x04001db0                __sfmoreglue
                0x04001e18                __sfp
 .text          0x04001f08      0x440 c:/altera/11.0sp1/nios2eds/bin/gnu/h-i686-mingw32/bin/../lib/gcc/nios2-elf/4.1.2/../../../../nios2-elf/lib\libc.a(lib_a-freer.o)
                0x04001f08                _malloc_trim_r
                0x04002034                _free_r
 .text          0x04002348      0x180 c:/altera/11.0sp1/nios2eds/bin/gnu/h-i686-mingw32/bin/../lib/gcc/nios2-elf/4.1.2/../../../../nios2-elf/lib\libc.a(lib_a-fwalk.o)
                0x04002348                _fwalk_reent
                0x04002410                _fwalk
 .text          0x040024c8        0x0 c:/altera/11.0sp1/nios2eds/bin/gnu/h-i686-mingw32/bin/../lib/gcc/nios2-elf/4.1.2/../../../../nios2-elf/lib\libc.a(lib_a-int_errno.o)
 .text          0x040024c8      0x194 c:/altera/11.0sp1/nios2eds/bin/gnu/h-i686-mingw32/bin/../lib/gcc/nios2-elf/4.1.2/../../../../nios2-elf/lib\libc.a(lib_a-makebuf.o)
                0x040024c8                __smakebuf_r
 .text          0x0400265c       0x98 c:/altera/11.0sp1/nios2eds/bin/gnu/h-i686-mingw32/bin/../lib/gcc/nios2-elf/4.1.2/../../../../nios2-elf/lib\libc.a(lib_a-memset.o)
                0x0400265c                memset
 .text          0x040026f4      0x14c c:/altera/11.0sp1/nios2eds/bin/gnu/h-i686-mingw32/bin/../lib/gcc/nios2-elf/4.1.2/../../../../nios2-elf/lib\libc.a(lib_a-stdio.o)
                0x040026f4                __sclose
                0x040026fc                __sseek
                0x04002764                __swrite
                0x040027e0                __sread
 .text          0x04002840       0x78 c:/altera/11.0sp1/nios2eds/bin/gnu/h-i686-mingw32/bin/../lib/gcc/nios2-elf/4.1.2/../../../../nios2-elf/lib\libc.a(lib_a-writer.o)
                0x04002840                _write_r
 .text          0x040028b8       0x70 c:/altera/11.0sp1/nios2eds/bin/gnu/h-i686-mingw32/bin/../lib/gcc/nios2-elf/4.1.2/../../../../nios2-elf/lib\libc.a(lib_a-closer.o)
                0x040028b8                _close_r
 .text          0x04002928      0x124 c:/altera/11.0sp1/nios2eds/bin/gnu/h-i686-mingw32/bin/../lib/gcc/nios2-elf/4.1.2/../../../../nios2-elf/lib\libc.a(lib_a-fclose.o)
                0x04002928                _fclose_r
                0x04002a38                fclose
 .text          0x04002a4c       0x74 c:/altera/11.0sp1/nios2eds/bin/gnu/h-i686-mingw32/bin/../lib/gcc/nios2-elf/4.1.2/../../../../nios2-elf/lib\libc.a(lib_a-fstatr.o)
                0x04002a4c                _fstat_r
 .text          0x04002ac0       0x70 c:/altera/11.0sp1/nios2eds/bin/gnu/h-i686-mingw32/bin/../lib/gcc/nios2-elf/4.1.2/../../../../nios2-elf/lib\libc.a(lib_a-isattyr.o)
                0x04002ac0                _isatty_r
 .text          0x04002b30       0x78 c:/altera/11.0sp1/nios2eds/bin/gnu/h-i686-mingw32/bin/../lib/gcc/nios2-elf/4.1.2/../../../../nios2-elf/lib\libc.a(lib_a-lseekr.o)
                0x04002b30                _lseek_r
 .text          0x04002ba8       0x78 c:/altera/11.0sp1/nios2eds/bin/gnu/h-i686-mingw32/bin/../lib/gcc/nios2-elf/4.1.2/../../../../nios2-elf/lib\libc.a(lib_a-readr.o)
                0x04002ba8                _read_r
 .text          0x04002c20      0x15c ../Test_bsp/\libucosii_bsp.a(alt_close.o)
                0x04002c20                close
 .text          0x04002d7c       0x2c ../Test_bsp/\libucosii_bsp.a(alt_dev.o)
 .text          0x04002da8        0x0 ../Test_bsp/\libucosii_bsp.a(alt_errno.o)
 .text          0x04002da8      0x134 ../Test_bsp/\libucosii_bsp.a(alt_fstat.o)
                0x04002da8                fstat
 .text          0x04002edc      0x120 ../Test_bsp/\libucosii_bsp.a(alt_isatty.o)
                0x04002edc                isatty
 .text          0x04002ffc      0x150 ../Test_bsp/\libucosii_bsp.a(alt_lseek.o)
                0x04002ffc                lseek
 .text          0x0400314c       0xc8 ../Test_bsp/\libucosii_bsp.a(alt_main.o)
                0x0400314c                alt_main
 .text          0x04003214      0x180 ../Test_bsp/\libucosii_bsp.a(alt_read.o)
                0x04003214                read
 .text          0x04003394       0x60 ../Test_bsp/\libucosii_bsp.a(alt_release_fd.o)
                0x04003394                alt_release_fd
 .text          0x040033f4       0xbc ../Test_bsp/\libucosii_bsp.a(alt_sbrk.o)
                0x040033f4                sbrk
 .text          0x040034b0      0x180 ../Test_bsp/\libucosii_bsp.a(alt_write.o)
                0x040034b0                write
 .text          0x04003630      0x108 ../Test_bsp/\libucosii_bsp.a(alt_env_lock.o)
                0x04003630                __env_lock
                0x040036dc                __env_unlock
 .text          0x04003738      0x1d8 ../Test_bsp/\libucosii_bsp.a(alt_malloc_lock.o)
                0x04003738                __malloc_lock
                0x04003840                __malloc_unlock
 .text          0x04003910     0x2128 ../Test_bsp/\libucosii_bsp.a(os_core.o)
                0x04003910                OSEventNameGet
                0x04003a40                OSEventNameSet
                0x04003b84                OSEventPendMulti
                0x04004238                OSInit
                0x0400428c                OSIntEnter
                0x04004308                OSIntExit
                0x04004408                OSSchedLock
                0x04004494                OSSchedUnlock
                0x04004578                OSStart
                0x040045e8                OSStatInit
                0x04004694                OSTimeTick
                0x040048d4                OSVersion
                0x040048f4                OS_Dummy
                0x04004910                OS_EventTaskRdy
                0x04004aa4                OS_EventTaskWait
                0x04004bb4                OS_EventTaskWaitMulti
                0x04004d08                OS_EventTaskRemove
                0x04004dc0                OS_EventTaskRemoveMulti
                0x04004ec4                OS_EventWaitListInit
                0x04005290                OS_MemClr
                0x040052e4                OS_MemCopy
                0x04005350                OS_Sched
                0x04005494                OS_StrCopy
                0x04005514                OS_StrLen
                0x0400556c                OS_TaskIdle
                0x040055c8                OS_TaskStat
                0x04005690                OS_TaskStatStkChk
                0x04005758                OS_TCBInit
 .text          0x04005a38      0x18c ../Test_bsp/\libucosii_bsp.a(os_dbg.o)
                0x04005a38                OSDebugInit
 .text          0x04005bc4     0x193c ../Test_bsp/\libucosii_bsp.a(os_flag.o)
                0x04005bc4                OSFlagAccept
                0x04005ef8                OSFlagCreate
                0x04006034                OSFlagDel
                0x040062dc                OSFlagNameGet
                0x04006420                OSFlagNameSet
                0x04006574                OSFlagPend
                0x04006bb8                OSFlagPendGetFlagsRdy
                0x04006c20                OSFlagPost
                0x04006fc8                OSFlagQuery
                0x04007260                OS_FlagInit
                0x04007454                OS_FlagUnlink
 .text          0x04007500      0x808 ../Test_bsp/\libucosii_bsp.a(os_mem.o)
                0x04007500                OSMemCreate
                0x0400771c                OSMemGet
                0x04007820                OSMemNameGet
                0x0400792c                OSMemNameSet
                0x04007a4c                OSMemPut
                0x04007b3c                OSMemQuery
                0x04007c38                OS_MemInit
 .text          0x04007d08     0x1334 ../Test_bsp/\libucosii_bsp.a(os_q.o)
                0x04007d08                OSQAccept
                0x04007e5c                OSQCreate
                0x04008070                OSQDel
                0x04008370                OSQFlush
                0x04008438                OSQPend
                0x04008758                OSQPendAbort
                0x040088d4                OSQPost
                0x04008a54                OSQPostFront
                0x04008bdc                OSQPostOpt
                0x04008e10                OSQQuery
                0x04008f90                OS_QInit
 .text          0x0400903c      0xbc8 ../Test_bsp/\libucosii_bsp.a(os_sem.o)
                0x0400903c                OSSemAccept
                0x040090fc                OSSemCreate
                0x04009210                OSSemDel
                0x040094b0                OSSemPend
                0x0400972c                OSSemPendAbort
                0x040098a8                OSSemPost
                0x040099d0                OSSemQuery
                0x04009b00                OSSemSet
 .text          0x04009c04     0x1a40 ../Test_bsp/\libucosii_bsp.a(os_task.o)
                0x04009c04                OSTaskChangePrio
                0x0400a178                OSTaskCreate
                0x0400a34c                OSTaskCreateExt
                0x0400a54c                OSTaskDel
                0x0400a958                OSTaskDelReq
                0x0400aac8                OSTaskNameGet
                0x0400ac80                OSTaskNameSet
                0x0400ae44                OSTaskResume
                0x0400b05c                OSTaskStkChk
                0x0400b258                OSTaskSuspend
                0x0400b484                OSTaskQuery
                0x0400b5c8                OS_TaskStkClr
 .text          0x0400b644      0x59c ../Test_bsp/\libucosii_bsp.a(os_time.o)
                0x0400b644                OSTimeDly
                0x0400b790                OSTimeDlyHMSM
                0x0400b908                OSTimeDlyResume
                0x0400bb18                OSTimeGet
                0x0400bb7c                OSTimeSet
 .text          0x0400bbe0       0xd0 ../Test_bsp/\libucosii_bsp.a(alt_sys_init.o)
                0x0400bbe0                alt_irq_init
                0x0400bc14                alt_sys_init
 .text          0x0400bcb0      0x934 ../Test_bsp/\libucosii_bsp.a(altera_avalon_epcs_flash_controller.o)
                0x0400bcb0                alt_epcs_flash_init
                0x0400c030                alt_epcs_flash_write
                0x0400c2b0                alt_epcs_flash_get_info
                0x0400c340                alt_epcs_flash_erase_block
                0x0400c448                alt_epcs_flash_write_block
                0x0400c558                alt_epcs_flash_read
 .text          0x0400c5e4      0x148 ../Test_bsp/\libucosii_bsp.a(altera_avalon_jtag_uart_fd.o)
                0x0400c5e4                altera_avalon_jtag_uart_read_fd
                0x0400c63c                altera_avalon_jtag_uart_write_fd
                0x0400c694                altera_avalon_jtag_uart_close_fd
                0x0400c6dc                altera_avalon_jtag_uart_ioctl_fd
 .text          0x0400c72c      0x584 ../Test_bsp/\libucosii_bsp.a(altera_avalon_jtag_uart_init.o)
                0x0400c72c                altera_avalon_jtag_uart_init
                0x0400cc3c                altera_avalon_jtag_uart_close
 .text          0x0400ccb0       0xf4 ../Test_bsp/\libucosii_bsp.a(altera_avalon_jtag_uart_ioctl.o)
                0x0400ccb0                altera_avalon_jtag_uart_ioctl
 .text          0x0400cda4      0x2c0 ../Test_bsp/\libucosii_bsp.a(altera_avalon_jtag_uart_read.o)
                0x0400cda4                altera_avalon_jtag_uart_read
 .text          0x0400d064      0x2dc ../Test_bsp/\libucosii_bsp.a(altera_avalon_jtag_uart_write.o)
                0x0400d064                altera_avalon_jtag_uart_write
 .text          0x0400d340      0x100 ../Test_bsp/\libucosii_bsp.a(altera_avalon_timer_sc.o)
                0x0400d3b0                alt_avalon_timer_sc_init
 .text          0x0400d440      0x460 ../Test_bsp/\libucosii_bsp.a(epcs_commands.o)
                0x0400d440                epcs_read_status_register
                0x0400d4a0                epcs_sector_erase
                0x0400d58c                epcs_read_buffer
                0x0400d640                epcs_write_enable
                0x0400d690                epcs_write_status_register
                0x0400d6f4                epcs_write_buffer
                0x0400d7cc                epcs_read_electronic_signature
                0x0400d838                epcs_read_device_id
 .text          0x0400d8a0      0x154 ../Test_bsp/\libucosii_bsp.a(alt_alarm_start.o)
                0x0400d8a0                alt_alarm_start
 .text          0x0400d9f4      0x114 ../Test_bsp/\libucosii_bsp.a(alt_dev_llist_insert.o)
                0x0400d9f4                alt_dev_llist_insert
 .text          0x0400db08       0x64 ../Test_bsp/\libucosii_bsp.a(alt_do_ctors.o)
                0x0400db08                _do_ctors
 .text          0x0400db6c       0x64 ../Test_bsp/\libucosii_bsp.a(alt_do_dtors.o)
                0x0400db6c                _do_dtors
 .text          0x0400dbd0       0xd0 ../Test_bsp/\libucosii_bsp.a(alt_flash_dev.o)
                0x0400dbd0                alt_flash_open_dev
                0x0400dc4c                alt_flash_close_dev
 .text          0x0400dca0      0x1d4 ../Test_bsp/\libucosii_bsp.a(alt_iic.o)
                0x0400dca0                alt_ic_isr_register
                0x0400dcf0                alt_ic_irq_enable
                0x0400dd8c                alt_ic_irq_disable
                0x0400de2c                alt_ic_irq_enabled
 .text          0x0400de74       0xf8 ../Test_bsp/\libucosii_bsp.a(alt_iic_isr_register.o)
                0x0400de74                alt_iic_isr_register
 .text          0x0400df6c      0x13c ../Test_bsp/\libucosii_bsp.a(alt_io_redirect.o)
                0x0400e030                alt_io_redirect
 .text          0x0400e0a8        0x0 ../Test_bsp/\libucosii_bsp.a(alt_irq_entry.o)
 .text          0x0400e0a8        0x0 ../Test_bsp/\libucosii_bsp.a(alt_irq_handler.o)
 .text          0x0400e0a8        0x0 ../Test_bsp/\libucosii_bsp.a(alt_irq_vars.o)
 .text          0x0400e0a8      0x2c4 ../Test_bsp/\libucosii_bsp.a(alt_open.o)
                0x0400e184                open
 .text          0x0400e36c      0x1a8 ../Test_bsp/\libucosii_bsp.a(alt_tick.o)
                0x0400e36c                alt_alarm_stop
                0x0400e404                alt_tick
 .text          0x0400e514       0x20 ../Test_bsp/\libucosii_bsp.a(altera_nios2_irq.o)
                0x0400e514                altera_nios2_irq_init
 .text          0x0400e534       0xd0 ../Test_bsp/\libucosii_bsp.a(os_cpu_a.o)
                0x0400e534                OSCtxSw
                0x0400e534                OSIntCtxSw
                0x0400e5c0                OSStartHighRdy
                0x0400e5e0                OSStartTsk
 .text          0x0400e604      0x418 ../Test_bsp/\libucosii_bsp.a(os_cpu_c.o)
                0x0400e604                OSTaskStkInit
                0x0400e914                OSTaskCreateHook
                0x0400e934                OSTaskDelHook
                0x0400e954                OSTaskSwHook
                0x0400e970                OSTaskStatHook
                0x0400e98c                OSTimeTickHook
                0x0400e9a8                OSInitHookBegin
                0x0400e9c4                OSInitHookEnd
                0x0400e9e0                OSTaskIdleHook
                0x0400e9fc                OSTCBInitHook
 .text          0x0400ea1c      0x238 ../Test_bsp/\libucosii_bsp.a(altera_avalon_spi.o)
                0x0400ea1c                alt_avalon_spi_command
 .text          0x0400ec54        0x0 ../Test_bsp/\libucosii_bsp.a(alt_exception_entry.o)
 .text          0x0400ec54       0x94 ../Test_bsp/\libucosii_bsp.a(alt_find_dev.o)
                0x0400ec54                alt_find_dev
 .text          0x0400ece8      0x120 ../Test_bsp/\libucosii_bsp.a(alt_find_file.o)
                0x0400ece8                alt_find_file
 .text          0x0400ee08       0xf4 ../Test_bsp/\libucosii_bsp.a(alt_get_fd.o)
                0x0400ee08                alt_get_fd
 .text          0x0400eefc       0x14 c:/altera/11.0sp1/nios2eds/bin/gnu/h-i686-mingw32/bin/../lib/gcc/nios2-elf/4.1.2/../../../../nios2-elf/lib\libc.a(lib_a-atexit.o)
                0x0400eefc                atexit
 .text          0x0400ef10       0x38 c:/altera/11.0sp1/nios2eds/bin/gnu/h-i686-mingw32/bin/../lib/gcc/nios2-elf/4.1.2/../../../../nios2-elf/lib\libc.a(lib_a-exit.o)
                0x0400ef10                exit
 .text          0x0400ef48       0x74 c:/altera/11.0sp1/nios2eds/bin/gnu/h-i686-mingw32/bin/../lib/gcc/nios2-elf/4.1.2/../../../../nios2-elf/lib\libc.a(lib_a-memcmp.o)
                0x0400ef48                memcmp
 .text          0x0400efbc      0x134 c:/altera/11.0sp1/nios2eds/bin/gnu/h-i686-mingw32/bin/../lib/gcc/nios2-elf/4.1.2/../../../../nios2-elf/lib\libc.a(lib_a-__atexit.o)
                0x0400efbc                __register_exitproc
 .text          0x0400f0f0      0x1b4 c:/altera/11.0sp1/nios2eds/bin/gnu/h-i686-mingw32/bin/../lib/gcc/nios2-elf/4.1.2/../../../../nios2-elf/lib\libc.a(lib_a-__call_atexit.o)
                0x0400f0f4                __call_exitprocs
 .text          0x0400f2a4      0x14c c:/altera/11.0sp1/nios2eds/bin/gnu/h-i686-mingw32/bin/../lib/gcc/nios2-elf/4.1.2\libgcc.a(lib2-divmod.o)
                0x0400f320                __divsi3
                0x0400f380                __modsi3
                0x0400f3e0                __udivsi3
                0x0400f3e8                __umodsi3
 .text          0x0400f3f0       0x6c ../Test_bsp/\libucosii_bsp.a(alt_exit.o)
                0x0400f430                _exit
 *(.gnu.warning.*)
 *(.fini)
                0x0400f45c                PROVIDE (__etext, ABSOLUTE (.))
                0x0400f45c                PROVIDE (_etext, ABSOLUTE (.))
                0x0400f45c                PROVIDE (etext, ABSOLUTE (.))
 *(.eh_frame_hdr)
                0x0400f45c                . = ALIGN (0x4)
                0x0400f45c                PROVIDE (__preinit_array_start, ABSOLUTE (.))
 *(.preinit_array)
                0x0400f45c                PROVIDE (__preinit_array_end, ABSOLUTE (.))
                0x0400f45c                PROVIDE (__init_array_start, ABSOLUTE (.))
 *(.init_array)
                0x0400f45c                PROVIDE (__init_array_end, ABSOLUTE (.))
                0x0400f45c                PROVIDE (__fini_array_start, ABSOLUTE (.))
 *(.fini_array)
                0x0400f45c                PROVIDE (__fini_array_end, ABSOLUTE (.))
 *(.eh_frame)
 *(.gcc_except_table)
 *(.dynamic)
                0x0400f45c                PROVIDE (__CTOR_LIST__, ABSOLUTE (.))
 *(.ctors)
 *(SORT(.ctors.*))
 .ctors.65535   0x0400f45c        0x4 c:/altera/11.0sp1/nios2eds/bin/gnu/h-i686-mingw32/bin/../lib/gcc/nios2-elf/4.1.2/../../../../nios2-elf/lib\libc.a(lib_a-__call_atexit.o)
                0x0400f460                PROVIDE (__CTOR_END__, ABSOLUTE (.))
                0x0400f460                PROVIDE (__DTOR_LIST__, ABSOLUTE (.))
 *(.dtors)
 *(SORT(.dtors.*))
                0x0400f460                PROVIDE (__DTOR_END__, ABSOLUTE (.))
 *(.jcr)
                0x0400f460                . = ALIGN (0x4)

.rodata         0x0400f460      0x18c
                0x0400f460                PROVIDE (__ram_rodata_start, ABSOLUTE (.))
                0x0400f460                . = ALIGN (0x4)
 *(.rodata .rodata.* .gnu.linkonce.r.*)
 .rodata        0x0400f460       0x28 obj/hello_ucosii.o
 .rodata.str1.4
                0x0400f488        0x2 c:/altera/11.0sp1/nios2eds/bin/gnu/h-i686-mingw32/bin/../lib/gcc/nios2-elf/4.1.2/../../../../nios2-elf/lib\libc.a(lib_a-puts.o)
                                  0x4 (size before relaxing)
 *fill*         0x0400f48a        0x2 00
 .rodata.str1.4
                0x0400f48c        0x4 c:/altera/11.0sp1/nios2eds/bin/gnu/h-i686-mingw32/bin/../lib/gcc/nios2-elf/4.1.2/../../../../nios2-elf/lib\libc.a(lib_a-impure.o)
 .rodata        0x0400f490        0xc ../Test_bsp/\libucosii_bsp.a(alt_dev.o)
 .rodata        0x0400f49c       0x10 ../Test_bsp/\libucosii_bsp.a(alt_main.o)
 .rodata        0x0400f4ac      0x120 ../Test_bsp/\libucosii_bsp.a(os_core.o)
                0x0400f4ac                OSUnMapTbl
 .rodata        0x0400f5cc       0x1c ../Test_bsp/\libucosii_bsp.a(alt_sys_init.o)
 .rodata        0x0400f5e8        0x4 ../Test_bsp/\libucosii_bsp.a(os_cpu_c.o)
 *(.rodata1)
                0x0400f5ec                . = ALIGN (0x4)
                0x0400f5ec                PROVIDE (__ram_rodata_end, ABSOLUTE (.))
                0x0400f460                PROVIDE (__flash_rodata_start, LOADADDR (.rodata))

.rwdata         0x0400f5ec     0x1b9c
                0x0400f5ec                PROVIDE (__ram_rwdata_start, ABSOLUTE (.))
                0x0400f5ec                . = ALIGN (0x4)
 *(.got.plt)
 *(.got)
 *(.data1)
 *(.data .data.* .gnu.linkonce.d.*)
 .data          0x0400f5ec        0x0 ../Test_bsp//obj/HAL/src/crt0.o
 .data          0x0400f5ec        0x0 obj/hello_ucosii.o
 .data          0x0400f5ec        0x0 c:/altera/11.0sp1/nios2eds/bin/gnu/h-i686-mingw32/bin/../lib/gcc/nios2-elf/4.1.2/../../../../nios2-elf/lib\libc.a(lib_a-puts.o)
 .data          0x0400f5ec        0x0 c:/altera/11.0sp1/nios2eds/bin/gnu/h-i686-mingw32/bin/../lib/gcc/nios2-elf/4.1.2/../../../../nios2-elf/lib\libc.a(lib_a-strlen.o)
 .data          0x0400f5ec        0x0 c:/altera/11.0sp1/nios2eds/bin/gnu/h-i686-mingw32/bin/../lib/gcc/nios2-elf/4.1.2/../../../../nios2-elf/lib\libc.a(lib_a-fvwrite.o)
 .data          0x0400f5ec      0x400 c:/altera/11.0sp1/nios2eds/bin/gnu/h-i686-mingw32/bin/../lib/gcc/nios2-elf/4.1.2/../../../../nios2-elf/lib\libc.a(lib_a-impure.o)
 .data          0x0400f9ec      0x408 c:/altera/11.0sp1/nios2eds/bin/gnu/h-i686-mingw32/bin/../lib/gcc/nios2-elf/4.1.2/../../../../nios2-elf/lib\libc.a(lib_a-mallocr.o)
                0x0400f9ec                __malloc_av_
 .data          0x0400fdf4        0x0 c:/altera/11.0sp1/nios2eds/bin/gnu/h-i686-mingw32/bin/../lib/gcc/nios2-elf/4.1.2/../../../../nios2-elf/lib\libc.a(lib_a-memchr.o)
 .data          0x0400fdf4        0x0 c:/altera/11.0sp1/nios2eds/bin/gnu/h-i686-mingw32/bin/../lib/gcc/nios2-elf/4.1.2/../../../../nios2-elf/lib\libc.a(lib_a-memcpy.o)
 .data          0x0400fdf4        0x0 c:/altera/11.0sp1/nios2eds/bin/gnu/h-i686-mingw32/bin/../lib/gcc/nios2-elf/4.1.2/../../../../nios2-elf/lib\libc.a(lib_a-memmove.o)
 .data          0x0400fdf4        0x0 c:/altera/11.0sp1/nios2eds/bin/gnu/h-i686-mingw32/bin/../lib/gcc/nios2-elf/4.1.2/../../../../nios2-elf/lib\libc.a(lib_a-reallocr.o)
 .data          0x0400fdf4        0x0 c:/altera/11.0sp1/nios2eds/bin/gnu/h-i686-mingw32/bin/../lib/gcc/nios2-elf/4.1.2/../../../../nios2-elf/lib\libc.a(lib_a-sbrkr.o)
 .data          0x0400fdf4        0x0 c:/altera/11.0sp1/nios2eds/bin/gnu/h-i686-mingw32/bin/../lib/gcc/nios2-elf/4.1.2/../../../../nios2-elf/lib\libc.a(lib_a-wsetup.o)
 .data          0x0400fdf4        0x0 c:/altera/11.0sp1/nios2eds/bin/gnu/h-i686-mingw32/bin/../lib/gcc/nios2-elf/4.1.2/../../../../nios2-elf/lib\libc.a(lib_a-fflush.o)
 .data          0x0400fdf4        0x0 c:/altera/11.0sp1/nios2eds/bin/gnu/h-i686-mingw32/bin/../lib/gcc/nios2-elf/4.1.2/../../../../nios2-elf/lib\libc.a(lib_a-findfp.o)
 .data          0x0400fdf4        0x0 c:/altera/11.0sp1/nios2eds/bin/gnu/h-i686-mingw32/bin/../lib/gcc/nios2-elf/4.1.2/../../../../nios2-elf/lib\libc.a(lib_a-freer.o)
 .data          0x0400fdf4        0x0 c:/altera/11.0sp1/nios2eds/bin/gnu/h-i686-mingw32/bin/../lib/gcc/nios2-elf/4.1.2/../../../../nios2-elf/lib\libc.a(lib_a-fwalk.o)
 .data          0x0400fdf4        0x0 c:/altera/11.0sp1/nios2eds/bin/gnu/h-i686-mingw32/bin/../lib/gcc/nios2-elf/4.1.2/../../../../nios2-elf/lib\libc.a(lib_a-int_errno.o)
 .data          0x0400fdf4        0x0 c:/altera/11.0sp1/nios2eds/bin/gnu/h-i686-mingw32/bin/../lib/gcc/nios2-elf/4.1.2/../../../../nios2-elf/lib\libc.a(lib_a-makebuf.o)
 .data          0x0400fdf4        0x0 c:/altera/11.0sp1/nios2eds/bin/gnu/h-i686-mingw32/bin/../lib/gcc/nios2-elf/4.1.2/../../../../nios2-elf/lib\libc.a(lib_a-memset.o)
 .data          0x0400fdf4        0x0 c:/altera/11.0sp1/nios2eds/bin/gnu/h-i686-mingw32/bin/../lib/gcc/nios2-elf/4.1.2/../../../../nios2-elf/lib\libc.a(lib_a-stdio.o)
 .data          0x0400fdf4        0x0 c:/altera/11.0sp1/nios2eds/bin/gnu/h-i686-mingw32/bin/../lib/gcc/nios2-elf/4.1.2/../../../../nios2-elf/lib\libc.a(lib_a-writer.o)
 .data          0x0400fdf4        0x0 c:/altera/11.0sp1/nios2eds/bin/gnu/h-i686-mingw32/bin/../lib/gcc/nios2-elf/4.1.2/../../../../nios2-elf/lib\libc.a(lib_a-closer.o)
 .data          0x0400fdf4        0x0 c:/altera/11.0sp1/nios2eds/bin/gnu/h-i686-mingw32/bin/../lib/gcc/nios2-elf/4.1.2/../../../../nios2-elf/lib\libc.a(lib_a-fclose.o)
 .data          0x0400fdf4        0x0 c:/altera/11.0sp1/nios2eds/bin/gnu/h-i686-mingw32/bin/../lib/gcc/nios2-elf/4.1.2/../../../../nios2-elf/lib\libc.a(lib_a-fstatr.o)
 .data          0x0400fdf4        0x0 c:/altera/11.0sp1/nios2eds/bin/gnu/h-i686-mingw32/bin/../lib/gcc/nios2-elf/4.1.2/../../../../nios2-elf/lib\libc.a(lib_a-isattyr.o)
 .data          0x0400fdf4        0x0 c:/altera/11.0sp1/nios2eds/bin/gnu/h-i686-mingw32/bin/../lib/gcc/nios2-elf/4.1.2/../../../../nios2-elf/lib\libc.a(lib_a-lseekr.o)
 .data          0x0400fdf4        0x0 c:/altera/11.0sp1/nios2eds/bin/gnu/h-i686-mingw32/bin/../lib/gcc/nios2-elf/4.1.2/../../../../nios2-elf/lib\libc.a(lib_a-readr.o)
 .data          0x0400fdf4        0x0 ../Test_bsp/\libucosii_bsp.a(alt_close.o)
 .data          0x0400fdf4      0x1a8 ../Test_bsp/\libucosii_bsp.a(alt_dev.o)
                0x0400fdf4                alt_dev_null
                0x0400fe1c                alt_fd_list
 .data          0x0400ff9c        0x0 ../Test_bsp/\libucosii_bsp.a(alt_errno.o)
 .data          0x0400ff9c        0x0 ../Test_bsp/\libucosii_bsp.a(alt_fstat.o)
 .data          0x0400ff9c        0x0 ../Test_bsp/\libucosii_bsp.a(alt_isatty.o)
 .data          0x0400ff9c        0x0 ../Test_bsp/\libucosii_bsp.a(alt_lseek.o)
 .data          0x0400ff9c        0x0 ../Test_bsp/\libucosii_bsp.a(alt_main.o)
 .data          0x0400ff9c        0x0 ../Test_bsp/\libucosii_bsp.a(alt_read.o)
 .data          0x0400ff9c        0x0 ../Test_bsp/\libucosii_bsp.a(alt_release_fd.o)
 .data          0x0400ff9c        0x0 ../Test_bsp/\libucosii_bsp.a(alt_sbrk.o)
 .data          0x0400ff9c        0x0 ../Test_bsp/\libucosii_bsp.a(alt_write.o)
 .data          0x0400ff9c        0x0 ../Test_bsp/\libucosii_bsp.a(alt_env_lock.o)
 .data          0x0400ff9c        0x0 ../Test_bsp/\libucosii_bsp.a(alt_malloc_lock.o)
 .data          0x0400ff9c        0x0 ../Test_bsp/\libucosii_bsp.a(os_core.o)
 .data          0x0400ff9c        0x0 ../Test_bsp/\libucosii_bsp.a(os_dbg.o)
 .data          0x0400ff9c        0x0 ../Test_bsp/\libucosii_bsp.a(os_flag.o)
 .data          0x0400ff9c        0x0 ../Test_bsp/\libucosii_bsp.a(os_mem.o)
 .data          0x0400ff9c        0x0 ../Test_bsp/\libucosii_bsp.a(os_q.o)
 .data          0x0400ff9c        0x0 ../Test_bsp/\libucosii_bsp.a(os_sem.o)
 .data          0x0400ff9c        0x0 ../Test_bsp/\libucosii_bsp.a(os_task.o)
 .data          0x0400ff9c        0x0 ../Test_bsp/\libucosii_bsp.a(os_time.o)
 .data          0x0400ff9c     0x1130 ../Test_bsp/\libucosii_bsp.a(alt_sys_init.o)
 .data          0x040110cc        0x0 ../Test_bsp/\libucosii_bsp.a(altera_avalon_epcs_flash_controller.o)
 .data          0x040110cc        0x0 ../Test_bsp/\libucosii_bsp.a(altera_avalon_jtag_uart_fd.o)
 .data          0x040110cc        0x0 ../Test_bsp/\libucosii_bsp.a(altera_avalon_jtag_uart_init.o)
 .data          0x040110cc        0x0 ../Test_bsp/\libucosii_bsp.a(altera_avalon_jtag_uart_ioctl.o)
 .data          0x040110cc        0x0 ../Test_bsp/\libucosii_bsp.a(altera_avalon_jtag_uart_read.o)
 .data          0x040110cc        0x0 ../Test_bsp/\libucosii_bsp.a(altera_avalon_jtag_uart_write.o)
 .data          0x040110cc        0x0 ../Test_bsp/\libucosii_bsp.a(altera_avalon_timer_sc.o)
 .data          0x040110cc        0x0 ../Test_bsp/\libucosii_bsp.a(epcs_commands.o)
 .data          0x040110cc        0x0 ../Test_bsp/\libucosii_bsp.a(alt_alarm_start.o)
 .data          0x040110cc        0x0 ../Test_bsp/\libucosii_bsp.a(alt_dev_llist_insert.o)
 .data          0x040110cc        0x0 ../Test_bsp/\libucosii_bsp.a(alt_do_ctors.o)
 .data          0x040110cc        0x0 ../Test_bsp/\libucosii_bsp.a(alt_do_dtors.o)
 .data          0x040110cc        0x0 ../Test_bsp/\libucosii_bsp.a(alt_flash_dev.o)
 .data          0x040110cc        0x0 ../Test_bsp/\libucosii_bsp.a(alt_iic.o)
 .data          0x040110cc        0x0 ../Test_bsp/\libucosii_bsp.a(alt_iic_isr_register.o)
 .data          0x040110cc        0x0 ../Test_bsp/\libucosii_bsp.a(alt_io_redirect.o)
 .data          0x040110cc        0x0 ../Test_bsp/\libucosii_bsp.a(alt_irq_entry.o)
 .data          0x040110cc        0x0 ../Test_bsp/\libucosii_bsp.a(alt_irq_handler.o)
 .data          0x040110cc        0x0 ../Test_bsp/\libucosii_bsp.a(alt_irq_vars.o)
 .data          0x040110cc        0x0 ../Test_bsp/\libucosii_bsp.a(alt_open.o)
 .data          0x040110cc        0x0 ../Test_bsp/\libucosii_bsp.a(alt_tick.o)
 .data          0x040110cc        0x0 ../Test_bsp/\libucosii_bsp.a(altera_nios2_irq.o)
 .data          0x040110cc        0x0 ../Test_bsp/\libucosii_bsp.a(os_cpu_a.o)
 .data          0x040110cc        0x0 ../Test_bsp/\libucosii_bsp.a(os_cpu_c.o)
 .data          0x040110cc        0x0 ../Test_bsp/\libucosii_bsp.a(altera_avalon_spi.o)
 .data          0x040110cc        0x0 ../Test_bsp/\libucosii_bsp.a(alt_exception_entry.o)
 .data          0x040110cc        0x0 ../Test_bsp/\libucosii_bsp.a(alt_find_dev.o)
 .data          0x040110cc        0x0 ../Test_bsp/\libucosii_bsp.a(alt_find_file.o)
 .data          0x040110cc        0x0 ../Test_bsp/\libucosii_bsp.a(alt_get_fd.o)
 .data          0x040110cc        0x0 c:/altera/11.0sp1/nios2eds/bin/gnu/h-i686-mingw32/bin/../lib/gcc/nios2-elf/4.1.2/../../../../nios2-elf/lib\libc.a(lib_a-atexit.o)
 .data          0x040110cc        0x0 c:/altera/11.0sp1/nios2eds/bin/gnu/h-i686-mingw32/bin/../lib/gcc/nios2-elf/4.1.2/../../../../nios2-elf/lib\libc.a(lib_a-exit.o)
 .data          0x040110cc        0x0 c:/altera/11.0sp1/nios2eds/bin/gnu/h-i686-mingw32/bin/../lib/gcc/nios2-elf/4.1.2/../../../../nios2-elf/lib\libc.a(lib_a-memcmp.o)
 .data          0x040110cc        0x0 c:/altera/11.0sp1/nios2eds/bin/gnu/h-i686-mingw32/bin/../lib/gcc/nios2-elf/4.1.2/../../../../nios2-elf/lib\libc.a(lib_a-__atexit.o)
 .data          0x040110cc        0x0 c:/altera/11.0sp1/nios2eds/bin/gnu/h-i686-mingw32/bin/../lib/gcc/nios2-elf/4.1.2/../../../../nios2-elf/lib\libc.a(lib_a-__call_atexit.o)
 .data          0x040110cc        0x0 c:/altera/11.0sp1/nios2eds/bin/gnu/h-i686-mingw32/bin/../lib/gcc/nios2-elf/4.1.2\libgcc.a(lib2-divmod.o)
 .data          0x040110cc        0x0 ../Test_bsp/\libucosii_bsp.a(alt_exit.o)
                0x040190cc                _gp = ABSOLUTE ((. + 0x8000))
                0x040190cc                PROVIDE (gp, _gp)
 *(.rwdata .rwdata.*)
 *(.sdata .sdata.* .gnu.linkonce.s.*)
 .sdata         0x040110cc        0x8 c:/altera/11.0sp1/nios2eds/bin/gnu/h-i686-mingw32/bin/../lib/gcc/nios2-elf/4.1.2/../../../../nios2-elf/lib\libc.a(lib_a-impure.o)
                0x040110cc                _impure_ptr
                0x040110d0                _global_impure_ptr
 .sdata         0x040110d4        0x8 c:/altera/11.0sp1/nios2eds/bin/gnu/h-i686-mingw32/bin/../lib/gcc/nios2-elf/4.1.2/../../../../nios2-elf/lib\libc.a(lib_a-mallocr.o)
                0x040110d4                __malloc_trim_threshold
                0x040110d8                __malloc_sbrk_base
 .sdata         0x040110dc       0x14 ../Test_bsp/\libucosii_bsp.a(alt_dev.o)
                0x040110dc                alt_fs_list
                0x040110e4                alt_dev_list
                0x040110ec                alt_max_fd
 .sdata         0x040110f0        0x4 ../Test_bsp/\libucosii_bsp.a(alt_errno.o)
                0x040110f0                alt_errno
 .sdata         0x040110f4        0x4 ../Test_bsp/\libucosii_bsp.a(alt_sbrk.o)
 .sdata         0x040110f8        0x4 ../Test_bsp/\libucosii_bsp.a(alt_env_lock.o)
 .sdata         0x040110fc        0x4 ../Test_bsp/\libucosii_bsp.a(alt_malloc_lock.o)
 .sdata         0x04011100       0x74 ../Test_bsp/\libucosii_bsp.a(os_dbg.o)
                0x04011100                OSDebugEn
                0x04011104                OSEndiannessTest
                0x04011108                OSEventEn
                0x0401110a                OSEventMax
                0x0401110c                OSEventNameSize
                0x0401110e                OSEventSize
                0x04011110                OSEventTblSize
                0x04011112                OSEventMultiEn
                0x04011114                OSFlagEn
                0x04011116                OSFlagGrpSize
                0x04011118                OSFlagNodeSize
                0x0401111a                OSFlagWidth
                0x0401111c                OSFlagMax
                0x0401111e                OSFlagNameSize
                0x04011120                OSLowestPrio
                0x04011122                OSMboxEn
                0x04011124                OSMemEn
                0x04011126                OSMemMax
                0x04011128                OSMemNameSize
                0x0401112a                OSMemSize
                0x0401112c                OSMemTblSize
                0x0401112e                OSMutexEn
                0x04011130                OSPtrSize
                0x04011132                OSQEn
                0x04011134                OSQMax
                0x04011136                OSQSize
                0x04011138                OSRdyTblSize
                0x0401113a                OSSemEn
                0x0401113c                OSStkWidth
                0x0401113e                OSTaskCreateEn
                0x04011140                OSTaskCreateExtEn
                0x04011142                OSTaskDelEn
                0x04011144                OSTaskIdleStkSize
                0x04011146                OSTaskProfileEn
                0x04011148                OSTaskMax
                0x0401114a                OSTaskNameSize
                0x0401114c                OSTaskStatEn
                0x0401114e                OSTaskStatStkSize
                0x04011150                OSTaskStatStkChkEn
                0x04011152                OSTaskSwHookEn
                0x04011154                OSTCBPrioTblMax
                0x04011156                OSTCBSize
                0x04011158                OSTicksPerSec
                0x0401115a                OSTimeTickHookEn
                0x0401115c                OSVersionNbr
                0x0401115e                OSTmrEn
                0x04011160                OSTmrCfgMax
                0x04011162                OSTmrCfgNameSize
                0x04011164                OSTmrCfgWheelSize
                0x04011166                OSTmrCfgTicksPerSec
                0x04011168                OSTmrSize
                0x0401116a                OSTmrTblSize
                0x0401116c                OSTmrWheelSize
                0x0401116e                OSTmrWheelTblSize
                0x04011170                OSDataSize
 .sdata         0x04011174        0x8 ../Test_bsp/\libucosii_bsp.a(alt_flash_dev.o)
                0x04011174                alt_flash_dev_list
 .sdata         0x0401117c        0x4 ../Test_bsp/\libucosii_bsp.a(alt_irq_vars.o)
                0x0401117c                alt_priority_mask
 .sdata         0x04011180        0x8 ../Test_bsp/\libucosii_bsp.a(alt_tick.o)
                0x04011180                alt_alarm_list
 *(.sdata2 .sdata2.* .gnu.linkonce.s2.*)
                0x04011188                . = ALIGN (0x4)
                0x04011188                _edata = ABSOLUTE (.)
                0x04011188                PROVIDE (edata, ABSOLUTE (.))
                0x04011188                PROVIDE (__ram_rwdata_end, ABSOLUTE (.))
                0x0400f5ec                PROVIDE (__flash_rwdata_start, LOADADDR (.rwdata))

.bss            0x04011188     0x7568
                0x04011188                __bss_start = ABSOLUTE (.)
                0x04011188                PROVIDE (__sbss_start, ABSOLUTE (.))
                0x04011188                PROVIDE (___sbss_start, ABSOLUTE (.))
 *(.dynsbss)
 *(.sbss .sbss.* .gnu.linkonce.sb.*)
 .sbss          0x04011188        0xc c:/altera/11.0sp1/nios2eds/bin/gnu/h-i686-mingw32/bin/../lib/gcc/nios2-elf/4.1.2/../../../../nios2-elf/lib\libc.a(lib_a-mallocr.o)
                0x04011188                __malloc_top_pad
                0x0401118c                __malloc_max_sbrked_mem
                0x04011190                __malloc_max_total_mem
 .sbss          0x04011194        0x4 c:/altera/11.0sp1/nios2eds/bin/gnu/h-i686-mingw32/bin/../lib/gcc/nios2-elf/4.1.2/../../../../nios2-elf/lib\libc.a(lib_a-int_errno.o)
                0x04011194                errno
 .sbss          0x04011198        0x4 ../Test_bsp/\libucosii_bsp.a(alt_dev.o)
                0x04011198                alt_fd_list_lock
 .sbss          0x0401119c        0xc ../Test_bsp/\libucosii_bsp.a(alt_main.o)
                0x0401119c                alt_argc
                0x040111a0                alt_argv
                0x040111a4                alt_envp
 .sbss          0x040111a8        0x8 ../Test_bsp/\libucosii_bsp.a(alt_env_lock.o)
                0x040111ac                alt_envsem
 .sbss          0x040111b0        0x8 ../Test_bsp/\libucosii_bsp.a(alt_malloc_lock.o)
                0x040111b4                alt_heapsem
 .sbss          0x040111b8       0x50 ../Test_bsp/\libucosii_bsp.a(os_core.o)
                0x040111b8                OSLockNesting
                0x040111b9                OSRunning
                0x040111bc                OSIdleCtr
                0x040111c0                OSPrioHighRdy
                0x040111c1                OSPrioCur
                0x040111c4                OSTCBList
                0x040111c8                OSTickStepState
                0x040111cc                OSCtxSwCtr
                0x040111d0                OSIdleCtrMax
                0x040111d4                OSTCBFreeList
                0x040111d8                OSCPUUsage
                0x040111d9                OSTaskCtr
                0x040111dc                OSMemFreeList
                0x040111e0                OSTCBHighRdy
                0x040111e4                OSQFreeList
                0x040111e8                OSRdyGrp
                0x040111e9                OSRdyTbl
                0x040111ec                OSEventFreeList
                0x040111f0                OSIntNesting
                0x040111f4                OSTCBCur
                0x040111f8                OSTime
                0x040111fc                OSFlagFreeList
                0x04011200                OSStatRdy
                0x04011204                OSIdleCtrRun
 .sbss          0x04011208        0x4 ../Test_bsp/\libucosii_bsp.a(alt_irq_vars.o)
                0x04011208                alt_irq_active
 .sbss          0x0401120c        0x8 ../Test_bsp/\libucosii_bsp.a(alt_tick.o)
                0x0401120c                _alt_tick_rate
                0x04011210                _alt_nticks
 *(.sbss2 .sbss2.* .gnu.linkonce.sb2.*)
 *(.scommon)
                0x04011214                PROVIDE (__sbss_end, ABSOLUTE (.))
                0x04011214                PROVIDE (___sbss_end, ABSOLUTE (.))
 *(.dynbss)
 *(.bss .bss.* .gnu.linkonce.b.*)
 .bss           0x04011214        0x0 ../Test_bsp//obj/HAL/src/crt0.o
 .bss           0x04011214        0x0 obj/hello_ucosii.o
 .bss           0x04011214        0x0 c:/altera/11.0sp1/nios2eds/bin/gnu/h-i686-mingw32/bin/../lib/gcc/nios2-elf/4.1.2/../../../../nios2-elf/lib\libc.a(lib_a-puts.o)
 .bss           0x04011214        0x0 c:/altera/11.0sp1/nios2eds/bin/gnu/h-i686-mingw32/bin/../lib/gcc/nios2-elf/4.1.2/../../../../nios2-elf/lib\libc.a(lib_a-strlen.o)
 .bss           0x04011214        0x0 c:/altera/11.0sp1/nios2eds/bin/gnu/h-i686-mingw32/bin/../lib/gcc/nios2-elf/4.1.2/../../../../nios2-elf/lib\libc.a(lib_a-fvwrite.o)
 .bss           0x04011214        0x0 c:/altera/11.0sp1/nios2eds/bin/gnu/h-i686-mingw32/bin/../lib/gcc/nios2-elf/4.1.2/../../../../nios2-elf/lib\libc.a(lib_a-impure.o)
 .bss           0x04011214       0x28 c:/altera/11.0sp1/nios2eds/bin/gnu/h-i686-mingw32/bin/../lib/gcc/nios2-elf/4.1.2/../../../../nios2-elf/lib\libc.a(lib_a-mallocr.o)
                0x04011214                __malloc_current_mallinfo
 .bss           0x0401123c        0x0 c:/altera/11.0sp1/nios2eds/bin/gnu/h-i686-mingw32/bin/../lib/gcc/nios2-elf/4.1.2/../../../../nios2-elf/lib\libc.a(lib_a-memchr.o)
 .bss           0x0401123c        0x0 c:/altera/11.0sp1/nios2eds/bin/gnu/h-i686-mingw32/bin/../lib/gcc/nios2-elf/4.1.2/../../../../nios2-elf/lib\libc.a(lib_a-memcpy.o)
 .bss           0x0401123c        0x0 c:/altera/11.0sp1/nios2eds/bin/gnu/h-i686-mingw32/bin/../lib/gcc/nios2-elf/4.1.2/../../../../nios2-elf/lib\libc.a(lib_a-memmove.o)
 .bss           0x0401123c        0x0 c:/altera/11.0sp1/nios2eds/bin/gnu/h-i686-mingw32/bin/../lib/gcc/nios2-elf/4.1.2/../../../../nios2-elf/lib\libc.a(lib_a-reallocr.o)
 .bss           0x0401123c        0x0 c:/altera/11.0sp1/nios2eds/bin/gnu/h-i686-mingw32/bin/../lib/gcc/nios2-elf/4.1.2/../../../../nios2-elf/lib\libc.a(lib_a-sbrkr.o)
 .bss           0x0401123c        0x0 c:/altera/11.0sp1/nios2eds/bin/gnu/h-i686-mingw32/bin/../lib/gcc/nios2-elf/4.1.2/../../../../nios2-elf/lib\libc.a(lib_a-wsetup.o)
 .bss           0x0401123c        0x0 c:/altera/11.0sp1/nios2eds/bin/gnu/h-i686-mingw32/bin/../lib/gcc/nios2-elf/4.1.2/../../../../nios2-elf/lib\libc.a(lib_a-fflush.o)
 .bss           0x0401123c        0x0 c:/altera/11.0sp1/nios2eds/bin/gnu/h-i686-mingw32/bin/../lib/gcc/nios2-elf/4.1.2/../../../../nios2-elf/lib\libc.a(lib_a-findfp.o)
 .bss           0x0401123c        0x0 c:/altera/11.0sp1/nios2eds/bin/gnu/h-i686-mingw32/bin/../lib/gcc/nios2-elf/4.1.2/../../../../nios2-elf/lib\libc.a(lib_a-freer.o)
 .bss           0x0401123c        0x0 c:/altera/11.0sp1/nios2eds/bin/gnu/h-i686-mingw32/bin/../lib/gcc/nios2-elf/4.1.2/../../../../nios2-elf/lib\libc.a(lib_a-fwalk.o)
 .bss           0x0401123c        0x0 c:/altera/11.0sp1/nios2eds/bin/gnu/h-i686-mingw32/bin/../lib/gcc/nios2-elf/4.1.2/../../../../nios2-elf/lib\libc.a(lib_a-int_errno.o)
 .bss           0x0401123c        0x0 c:/altera/11.0sp1/nios2eds/bin/gnu/h-i686-mingw32/bin/../lib/gcc/nios2-elf/4.1.2/../../../../nios2-elf/lib\libc.a(lib_a-makebuf.o)
 .bss           0x0401123c        0x0 c:/altera/11.0sp1/nios2eds/bin/gnu/h-i686-mingw32/bin/../lib/gcc/nios2-elf/4.1.2/../../../../nios2-elf/lib\libc.a(lib_a-memset.o)
 .bss           0x0401123c        0x0 c:/altera/11.0sp1/nios2eds/bin/gnu/h-i686-mingw32/bin/../lib/gcc/nios2-elf/4.1.2/../../../../nios2-elf/lib\libc.a(lib_a-stdio.o)
 .bss           0x0401123c        0x0 c:/altera/11.0sp1/nios2eds/bin/gnu/h-i686-mingw32/bin/../lib/gcc/nios2-elf/4.1.2/../../../../nios2-elf/lib\libc.a(lib_a-writer.o)
 .bss           0x0401123c        0x0 c:/altera/11.0sp1/nios2eds/bin/gnu/h-i686-mingw32/bin/../lib/gcc/nios2-elf/4.1.2/../../../../nios2-elf/lib\libc.a(lib_a-closer.o)
 .bss           0x0401123c        0x0 c:/altera/11.0sp1/nios2eds/bin/gnu/h-i686-mingw32/bin/../lib/gcc/nios2-elf/4.1.2/../../../../nios2-elf/lib\libc.a(lib_a-fclose.o)
 .bss           0x0401123c        0x0 c:/altera/11.0sp1/nios2eds/bin/gnu/h-i686-mingw32/bin/../lib/gcc/nios2-elf/4.1.2/../../../../nios2-elf/lib\libc.a(lib_a-fstatr.o)
 .bss           0x0401123c        0x0 c:/altera/11.0sp1/nios2eds/bin/gnu/h-i686-mingw32/bin/../lib/gcc/nios2-elf/4.1.2/../../../../nios2-elf/lib\libc.a(lib_a-isattyr.o)
 .bss           0x0401123c        0x0 c:/altera/11.0sp1/nios2eds/bin/gnu/h-i686-mingw32/bin/../lib/gcc/nios2-elf/4.1.2/../../../../nios2-elf/lib\libc.a(lib_a-lseekr.o)
 .bss           0x0401123c        0x0 c:/altera/11.0sp1/nios2eds/bin/gnu/h-i686-mingw32/bin/../lib/gcc/nios2-elf/4.1.2/../../../../nios2-elf/lib\libc.a(lib_a-readr.o)
 .bss           0x0401123c        0x0 ../Test_bsp/\libucosii_bsp.a(alt_close.o)
 .bss           0x0401123c        0x0 ../Test_bsp/\libucosii_bsp.a(alt_dev.o)
 .bss           0x0401123c        0x0 ../Test_bsp/\libucosii_bsp.a(alt_errno.o)
 .bss           0x0401123c        0x0 ../Test_bsp/\libucosii_bsp.a(alt_fstat.o)
 .bss           0x0401123c        0x0 ../Test_bsp/\libucosii_bsp.a(alt_isatty.o)
 .bss           0x0401123c        0x0 ../Test_bsp/\libucosii_bsp.a(alt_lseek.o)
 .bss           0x0401123c        0x0 ../Test_bsp/\libucosii_bsp.a(alt_main.o)
 .bss           0x0401123c        0x0 ../Test_bsp/\libucosii_bsp.a(alt_read.o)
 .bss           0x0401123c        0x0 ../Test_bsp/\libucosii_bsp.a(alt_release_fd.o)
 .bss           0x0401123c        0x0 ../Test_bsp/\libucosii_bsp.a(alt_sbrk.o)
 .bss           0x0401123c        0x0 ../Test_bsp/\libucosii_bsp.a(alt_write.o)
 .bss           0x0401123c        0x0 ../Test_bsp/\libucosii_bsp.a(alt_env_lock.o)
 .bss           0x0401123c        0x0 ../Test_bsp/\libucosii_bsp.a(alt_malloc_lock.o)
 .bss           0x0401123c        0x0 ../Test_bsp/\libucosii_bsp.a(os_core.o)
 .bss           0x0401123c        0x0 ../Test_bsp/\libucosii_bsp.a(os_dbg.o)
 .bss           0x0401123c        0x0 ../Test_bsp/\libucosii_bsp.a(os_flag.o)
 .bss           0x0401123c        0x0 ../Test_bsp/\libucosii_bsp.a(os_mem.o)
 .bss           0x0401123c        0x0 ../Test_bsp/\libucosii_bsp.a(os_q.o)
 .bss           0x0401123c        0x0 ../Test_bsp/\libucosii_bsp.a(os_sem.o)
 .bss           0x0401123c        0x0 ../Test_bsp/\libucosii_bsp.a(os_task.o)
 .bss           0x0401123c        0x0 ../Test_bsp/\libucosii_bsp.a(os_time.o)
 .bss           0x0401123c        0x0 ../Test_bsp/\libucosii_bsp.a(alt_sys_init.o)
 .bss           0x0401123c        0x0 ../Test_bsp/\libucosii_bsp.a(altera_avalon_epcs_flash_controller.o)
 .bss           0x0401123c        0x0 ../Test_bsp/\libucosii_bsp.a(altera_avalon_jtag_uart_fd.o)
 .bss           0x0401123c        0x0 ../Test_bsp/\libucosii_bsp.a(altera_avalon_jtag_uart_init.o)
 .bss           0x0401123c        0x0 ../Test_bsp/\libucosii_bsp.a(altera_avalon_jtag_uart_ioctl.o)
 .bss           0x0401123c        0x0 ../Test_bsp/\libucosii_bsp.a(altera_avalon_jtag_uart_read.o)
 .bss           0x0401123c        0x0 ../Test_bsp/\libucosii_bsp.a(altera_avalon_jtag_uart_write.o)
 .bss           0x0401123c        0x0 ../Test_bsp/\libucosii_bsp.a(altera_avalon_timer_sc.o)
 .bss           0x0401123c        0x0 ../Test_bsp/\libucosii_bsp.a(epcs_commands.o)
 .bss           0x0401123c        0x0 ../Test_bsp/\libucosii_bsp.a(alt_alarm_start.o)
 .bss           0x0401123c        0x0 ../Test_bsp/\libucosii_bsp.a(alt_dev_llist_insert.o)
 .bss           0x0401123c        0x0 ../Test_bsp/\libucosii_bsp.a(alt_do_ctors.o)
 .bss           0x0401123c        0x0 ../Test_bsp/\libucosii_bsp.a(alt_do_dtors.o)
 .bss           0x0401123c        0x0 ../Test_bsp/\libucosii_bsp.a(alt_flash_dev.o)
 .bss           0x0401123c        0x0 ../Test_bsp/\libucosii_bsp.a(alt_iic.o)
 .bss           0x0401123c        0x0 ../Test_bsp/\libucosii_bsp.a(alt_iic_isr_register.o)
 .bss           0x0401123c        0x0 ../Test_bsp/\libucosii_bsp.a(alt_io_redirect.o)
 .bss           0x0401123c        0x0 ../Test_bsp/\libucosii_bsp.a(alt_irq_entry.o)
 .bss           0x0401123c        0x0 ../Test_bsp/\libucosii_bsp.a(alt_irq_handler.o)
 .bss           0x0401123c        0x0 ../Test_bsp/\libucosii_bsp.a(alt_irq_vars.o)
 .bss           0x0401123c        0x0 ../Test_bsp/\libucosii_bsp.a(alt_open.o)
 .bss           0x0401123c        0x0 ../Test_bsp/\libucosii_bsp.a(alt_tick.o)
 .bss           0x0401123c        0x0 ../Test_bsp/\libucosii_bsp.a(altera_nios2_irq.o)
 .bss           0x0401123c        0x0 ../Test_bsp/\libucosii_bsp.a(os_cpu_a.o)
 .bss           0x0401123c        0x0 ../Test_bsp/\libucosii_bsp.a(os_cpu_c.o)
 .bss           0x0401123c        0x0 ../Test_bsp/\libucosii_bsp.a(altera_avalon_spi.o)
 .bss           0x0401123c        0x0 ../Test_bsp/\libucosii_bsp.a(alt_exception_entry.o)
 .bss           0x0401123c        0x0 ../Test_bsp/\libucosii_bsp.a(alt_find_dev.o)
 .bss           0x0401123c        0x0 ../Test_bsp/\libucosii_bsp.a(alt_find_file.o)
 .bss           0x0401123c        0x0 ../Test_bsp/\libucosii_bsp.a(alt_get_fd.o)
 .bss           0x0401123c        0x0 c:/altera/11.0sp1/nios2eds/bin/gnu/h-i686-mingw32/bin/../lib/gcc/nios2-elf/4.1.2/../../../../nios2-elf/lib\libc.a(lib_a-atexit.o)
 .bss           0x0401123c        0x0 c:/altera/11.0sp1/nios2eds/bin/gnu/h-i686-mingw32/bin/../lib/gcc/nios2-elf/4.1.2/../../../../nios2-elf/lib\libc.a(lib_a-exit.o)
 .bss           0x0401123c        0x0 c:/altera/11.0sp1/nios2eds/bin/gnu/h-i686-mingw32/bin/../lib/gcc/nios2-elf/4.1.2/../../../../nios2-elf/lib\libc.a(lib_a-memcmp.o)
 .bss           0x0401123c        0x0 c:/altera/11.0sp1/nios2eds/bin/gnu/h-i686-mingw32/bin/../lib/gcc/nios2-elf/4.1.2/../../../../nios2-elf/lib\libc.a(lib_a-__atexit.o)
 .bss           0x0401123c        0x0 c:/altera/11.0sp1/nios2eds/bin/gnu/h-i686-mingw32/bin/../lib/gcc/nios2-elf/4.1.2/../../../../nios2-elf/lib\libc.a(lib_a-__call_atexit.o)
 .bss           0x0401123c        0x0 c:/altera/11.0sp1/nios2eds/bin/gnu/h-i686-mingw32/bin/../lib/gcc/nios2-elf/4.1.2\libgcc.a(lib2-divmod.o)
 .bss           0x0401123c        0x0 ../Test_bsp/\libucosii_bsp.a(alt_exit.o)
 *(COMMON)
 COMMON         0x0401123c     0x4000 obj/hello_ucosii.o
                0x0401123c                task1_stk
                0x0401323c                task2_stk
 COMMON         0x0401523c     0x3224 ../Test_bsp/\libucosii_bsp.a(os_core.o)
                0x0401523c                OSFlagTbl
                0x040155ac                OSMemTbl
                0x040161dc                OSTaskStatStk
                0x040169dc                OSQTbl
                0x04016bbc                OSTaskIdleStk
                0x040173bc                OSEventTbl
                0x04017efc                OSTCBTbl
                0x0401840c                OSTCBPrioTbl
 COMMON         0x04018460      0x100 ../Test_bsp/\libucosii_bsp.a(alt_irq_handler.o)
                0x04018460                alt_irq
 COMMON         0x04018560      0x190 c:/altera/11.0sp1/nios2eds/bin/gnu/h-i686-mingw32/bin/../lib/gcc/nios2-elf/4.1.2/../../../../nios2-elf/lib\libc.a(lib_a-atexit.o)
                0x04018560                _atexit0
                0x040186f0                . = ALIGN (0x4)
                0x040186f0                __bss_end = ABSOLUTE (.)

.epcs           0x00000020        0x0
                0x00000020                PROVIDE (_alt_partition_epcs_start, ABSOLUTE (.))
 *(.epcs. epcs.*)
                0x00000020                . = ALIGN (0x4)
                0x00000020                PROVIDE (_alt_partition_epcs_end, ABSOLUTE (.))
                0x00000020                PROVIDE (_alt_partition_epcs_load_addr, LOADADDR (.epcs))

.sdram          0x040186f0        0x0
                0x040186f0                PROVIDE (_alt_partition_sdram_start, ABSOLUTE (.))
 *(.sdram. sdram.*)
                0x040186f0                . = ALIGN (0x4)
                0x040186f0                PROVIDE (_alt_partition_sdram_end, ABSOLUTE (.))
                0x040186f0                _end = ABSOLUTE (.)
                0x040186f0                end = ABSOLUTE (.)
                0x040186f0                __alt_stack_base = ABSOLUTE (.)
                0x040186f0                PROVIDE (_alt_partition_sdram_load_addr, LOADADDR (.sdram))

.stab
 *(.stab)

.stabstr
 *(.stabstr)

.stab.excl
 *(.stab.excl)

.stab.exclstr
 *(.stab.exclstr)

.stab.index
 *(.stab.index)

.stab.indexstr
 *(.stab.indexstr)

.comment        0x00000000       0x26
 *(.comment)
 .comment       0x00000000       0x26 obj/hello_ucosii.o
                                 0x27 (size before relaxing)
 .comment       0x00000000       0x27 c:/altera/11.0sp1/nios2eds/bin/gnu/h-i686-mingw32/bin/../lib/gcc/nios2-elf/4.1.2/../../../../nios2-elf/lib\libc.a(lib_a-puts.o)
 .comment       0x00000000       0x27 c:/altera/11.0sp1/nios2eds/bin/gnu/h-i686-mingw32/bin/../lib/gcc/nios2-elf/4.1.2/../../../../nios2-elf/lib\libc.a(lib_a-strlen.o)
 .comment       0x00000000       0x27 c:/altera/11.0sp1/nios2eds/bin/gnu/h-i686-mingw32/bin/../lib/gcc/nios2-elf/4.1.2/../../../../nios2-elf/lib\libc.a(lib_a-fvwrite.o)
 .comment       0x00000000       0x27 c:/altera/11.0sp1/nios2eds/bin/gnu/h-i686-mingw32/bin/../lib/gcc/nios2-elf/4.1.2/../../../../nios2-elf/lib\libc.a(lib_a-impure.o)
 .comment       0x00000000       0x27 c:/altera/11.0sp1/nios2eds/bin/gnu/h-i686-mingw32/bin/../lib/gcc/nios2-elf/4.1.2/../../../../nios2-elf/lib\libc.a(lib_a-mallocr.o)
 .comment       0x00000000       0x27 c:/altera/11.0sp1/nios2eds/bin/gnu/h-i686-mingw32/bin/../lib/gcc/nios2-elf/4.1.2/../../../../nios2-elf/lib\libc.a(lib_a-memchr.o)
 .comment       0x00000000       0x27 c:/altera/11.0sp1/nios2eds/bin/gnu/h-i686-mingw32/bin/../lib/gcc/nios2-elf/4.1.2/../../../../nios2-elf/lib\libc.a(lib_a-memcpy.o)
 .comment       0x00000000       0x27 c:/altera/11.0sp1/nios2eds/bin/gnu/h-i686-mingw32/bin/../lib/gcc/nios2-elf/4.1.2/../../../../nios2-elf/lib\libc.a(lib_a-memmove.o)
 .comment       0x00000000       0x27 c:/altera/11.0sp1/nios2eds/bin/gnu/h-i686-mingw32/bin/../lib/gcc/nios2-elf/4.1.2/../../../../nios2-elf/lib\libc.a(lib_a-reallocr.o)
 .comment       0x00000000       0x27 c:/altera/11.0sp1/nios2eds/bin/gnu/h-i686-mingw32/bin/../lib/gcc/nios2-elf/4.1.2/../../../../nios2-elf/lib\libc.a(lib_a-sbrkr.o)
 .comment       0x00000000       0x27 c:/altera/11.0sp1/nios2eds/bin/gnu/h-i686-mingw32/bin/../lib/gcc/nios2-elf/4.1.2/../../../../nios2-elf/lib\libc.a(lib_a-wsetup.o)
 .comment       0x00000000       0x27 c:/altera/11.0sp1/nios2eds/bin/gnu/h-i686-mingw32/bin/../lib/gcc/nios2-elf/4.1.2/../../../../nios2-elf/lib\libc.a(lib_a-fflush.o)
 .comment       0x00000000       0x27 c:/altera/11.0sp1/nios2eds/bin/gnu/h-i686-mingw32/bin/../lib/gcc/nios2-elf/4.1.2/../../../../nios2-elf/lib\libc.a(lib_a-findfp.o)
 .comment       0x00000000       0x27 c:/altera/11.0sp1/nios2eds/bin/gnu/h-i686-mingw32/bin/../lib/gcc/nios2-elf/4.1.2/../../../../nios2-elf/lib\libc.a(lib_a-freer.o)
 .comment       0x00000000       0x27 c:/altera/11.0sp1/nios2eds/bin/gnu/h-i686-mingw32/bin/../lib/gcc/nios2-elf/4.1.2/../../../../nios2-elf/lib\libc.a(lib_a-fwalk.o)
 .comment       0x00000000       0x27 c:/altera/11.0sp1/nios2eds/bin/gnu/h-i686-mingw32/bin/../lib/gcc/nios2-elf/4.1.2/../../../../nios2-elf/lib\libc.a(lib_a-int_errno.o)
 .comment       0x00000000       0x27 c:/altera/11.0sp1/nios2eds/bin/gnu/h-i686-mingw32/bin/../lib/gcc/nios2-elf/4.1.2/../../../../nios2-elf/lib\libc.a(lib_a-makebuf.o)
 .comment       0x00000000       0x27 c:/altera/11.0sp1/nios2eds/bin/gnu/h-i686-mingw32/bin/../lib/gcc/nios2-elf/4.1.2/../../../../nios2-elf/lib\libc.a(lib_a-memset.o)
 .comment       0x00000000       0x27 c:/altera/11.0sp1/nios2eds/bin/gnu/h-i686-mingw32/bin/../lib/gcc/nios2-elf/4.1.2/../../../../nios2-elf/lib\libc.a(lib_a-stdio.o)
 .comment       0x00000000       0x27 c:/altera/11.0sp1/nios2eds/bin/gnu/h-i686-mingw32/bin/../lib/gcc/nios2-elf/4.1.2/../../../../nios2-elf/lib\libc.a(lib_a-writer.o)
 .comment       0x00000000       0x27 c:/altera/11.0sp1/nios2eds/bin/gnu/h-i686-mingw32/bin/../lib/gcc/nios2-elf/4.1.2/../../../../nios2-elf/lib\libc.a(lib_a-closer.o)
 .comment       0x00000000       0x27 c:/altera/11.0sp1/nios2eds/bin/gnu/h-i686-mingw32/bin/../lib/gcc/nios2-elf/4.1.2/../../../../nios2-elf/lib\libc.a(lib_a-fclose.o)
 .comment       0x00000000       0x27 c:/altera/11.0sp1/nios2eds/bin/gnu/h-i686-mingw32/bin/../lib/gcc/nios2-elf/4.1.2/../../../../nios2-elf/lib\libc.a(lib_a-fstatr.o)
 .comment       0x00000000       0x27 c:/altera/11.0sp1/nios2eds/bin/gnu/h-i686-mingw32/bin/../lib/gcc/nios2-elf/4.1.2/../../../../nios2-elf/lib\libc.a(lib_a-isattyr.o)
 .comment       0x00000000       0x27 c:/altera/11.0sp1/nios2eds/bin/gnu/h-i686-mingw32/bin/../lib/gcc/nios2-elf/4.1.2/../../../../nios2-elf/lib\libc.a(lib_a-lseekr.o)
 .comment       0x00000000       0x27 c:/altera/11.0sp1/nios2eds/bin/gnu/h-i686-mingw32/bin/../lib/gcc/nios2-elf/4.1.2/../../../../nios2-elf/lib\libc.a(lib_a-readr.o)
 .comment       0x00000000       0x27 ../Test_bsp/\libucosii_bsp.a(alt_close.o)
 .comment       0x00000000       0x27 ../Test_bsp/\libucosii_bsp.a(alt_dev.o)
 .comment       0x00000000       0x27 ../Test_bsp/\libucosii_bsp.a(alt_errno.o)
 .comment       0x00000000       0x27 ../Test_bsp/\libucosii_bsp.a(alt_fstat.o)
 .comment       0x00000000       0x27 ../Test_bsp/\libucosii_bsp.a(alt_isatty.o)
 .comment       0x00000000       0x27 ../Test_bsp/\libucosii_bsp.a(alt_lseek.o)
 .comment       0x00000000       0x27 ../Test_bsp/\libucosii_bsp.a(alt_main.o)
 .comment       0x00000000       0x27 ../Test_bsp/\libucosii_bsp.a(alt_read.o)
 .comment       0x00000000       0x27 ../Test_bsp/\libucosii_bsp.a(alt_release_fd.o)
 .comment       0x00000000       0x27 ../Test_bsp/\libucosii_bsp.a(alt_sbrk.o)
 .comment       0x00000000       0x27 ../Test_bsp/\libucosii_bsp.a(alt_write.o)
 .comment       0x00000000       0x27 ../Test_bsp/\libucosii_bsp.a(alt_env_lock.o)
 .comment       0x00000000       0x27 ../Test_bsp/\libucosii_bsp.a(alt_malloc_lock.o)
 .comment       0x00000000       0x27 ../Test_bsp/\libucosii_bsp.a(os_core.o)
 .comment       0x00000000       0x27 ../Test_bsp/\libucosii_bsp.a(os_dbg.o)
 .comment       0x00000000       0x27 ../Test_bsp/\libucosii_bsp.a(os_flag.o)
 .comment       0x00000000       0x27 ../Test_bsp/\libucosii_bsp.a(os_mem.o)
 .comment       0x00000000       0x27 ../Test_bsp/\libucosii_bsp.a(os_q.o)
 .comment       0x00000000       0x27 ../Test_bsp/\libucosii_bsp.a(os_sem.o)
 .comment       0x00000000       0x27 ../Test_bsp/\libucosii_bsp.a(os_task.o)
 .comment       0x00000000       0x27 ../Test_bsp/\libucosii_bsp.a(os_time.o)
 .comment       0x00000000       0x27 ../Test_bsp/\libucosii_bsp.a(alt_sys_init.o)
 .comment       0x00000000       0x27 ../Test_bsp/\libucosii_bsp.a(altera_avalon_epcs_flash_controller.o)
 .comment       0x00000000       0x27 ../Test_bsp/\libucosii_bsp.a(altera_avalon_jtag_uart_fd.o)
 .comment       0x00000000       0x27 ../Test_bsp/\libucosii_bsp.a(altera_avalon_jtag_uart_init.o)
 .comment       0x00000000       0x27 ../Test_bsp/\libucosii_bsp.a(altera_avalon_jtag_uart_ioctl.o)
 .comment       0x00000000       0x27 ../Test_bsp/\libucosii_bsp.a(altera_avalon_jtag_uart_read.o)
 .comment       0x00000000       0x27 ../Test_bsp/\libucosii_bsp.a(altera_avalon_jtag_uart_write.o)
 .comment       0x00000000       0x27 ../Test_bsp/\libucosii_bsp.a(altera_avalon_timer_sc.o)
 .comment       0x00000000       0x27 ../Test_bsp/\libucosii_bsp.a(epcs_commands.o)
 .comment       0x00000000       0x27 ../Test_bsp/\libucosii_bsp.a(alt_alarm_start.o)
 .comment       0x00000000       0x27 ../Test_bsp/\libucosii_bsp.a(alt_dev_llist_insert.o)
 .comment       0x00000000       0x27 ../Test_bsp/\libucosii_bsp.a(alt_do_ctors.o)
 .comment       0x00000000       0x27 ../Test_bsp/\libucosii_bsp.a(alt_do_dtors.o)
 .comment       0x00000000       0x27 ../Test_bsp/\libucosii_bsp.a(alt_flash_dev.o)
 .comment       0x00000000       0x27 ../Test_bsp/\libucosii_bsp.a(alt_iic.o)
 .comment       0x00000000       0x27 ../Test_bsp/\libucosii_bsp.a(alt_iic_isr_register.o)
 .comment       0x00000000       0x27 ../Test_bsp/\libucosii_bsp.a(alt_io_redirect.o)
 .comment       0x00000000       0x27 ../Test_bsp/\libucosii_bsp.a(alt_irq_handler.o)
 .comment       0x00000000       0x27 ../Test_bsp/\libucosii_bsp.a(alt_irq_vars.o)
 .comment       0x00000000       0x27 ../Test_bsp/\libucosii_bsp.a(alt_open.o)
 .comment       0x00000000       0x27 ../Test_bsp/\libucosii_bsp.a(alt_tick.o)
 .comment       0x00000000       0x27 ../Test_bsp/\libucosii_bsp.a(altera_nios2_irq.o)
 .comment       0x00000000       0x27 ../Test_bsp/\libucosii_bsp.a(os_cpu_c.o)
 .comment       0x00000000       0x27 ../Test_bsp/\libucosii_bsp.a(altera_avalon_spi.o)
 .comment       0x00000000       0x27 ../Test_bsp/\libucosii_bsp.a(alt_find_dev.o)
 .comment       0x00000000       0x27 ../Test_bsp/\libucosii_bsp.a(alt_find_file.o)
 .comment       0x00000000       0x27 ../Test_bsp/\libucosii_bsp.a(alt_get_fd.o)
 .comment       0x00000000       0x27 c:/altera/11.0sp1/nios2eds/bin/gnu/h-i686-mingw32/bin/../lib/gcc/nios2-elf/4.1.2/../../../../nios2-elf/lib\libc.a(lib_a-atexit.o)
 .comment       0x00000000       0x27 c:/altera/11.0sp1/nios2eds/bin/gnu/h-i686-mingw32/bin/../lib/gcc/nios2-elf/4.1.2/../../../../nios2-elf/lib\libc.a(lib_a-exit.o)
 .comment       0x00000000       0x27 c:/altera/11.0sp1/nios2eds/bin/gnu/h-i686-mingw32/bin/../lib/gcc/nios2-elf/4.1.2/../../../../nios2-elf/lib\libc.a(lib_a-memcmp.o)
 .comment       0x00000000       0x27 c:/altera/11.0sp1/nios2eds/bin/gnu/h-i686-mingw32/bin/../lib/gcc/nios2-elf/4.1.2/../../../../nios2-elf/lib\libc.a(lib_a-__atexit.o)
 .comment       0x00000000       0x27 c:/altera/11.0sp1/nios2eds/bin/gnu/h-i686-mingw32/bin/../lib/gcc/nios2-elf/4.1.2/../../../../nios2-elf/lib\libc.a(lib_a-__call_atexit.o)
 .comment       0x00000000       0x27 c:/altera/11.0sp1/nios2eds/bin/gnu/h-i686-mingw32/bin/../lib/gcc/nios2-elf/4.1.2\libgcc.a(lib2-divmod.o)
 .comment       0x00000000       0x27 ../Test_bsp/\libucosii_bsp.a(alt_exit.o)

.debug
 *(.debug)

.line
 *(.line)

.debug_srcinfo
 *(.debug_srcinfo)

.debug_sfnames
 *(.debug_sfnames)

.debug_aranges  0x00000000      0xa70
 *(.debug_aranges)
 .debug_aranges
                0x00000000       0x20 ../Test_bsp//obj/HAL/src/crt0.o
 .debug_aranges
                0x00000020       0x20 obj/hello_ucosii.o
 .debug_aranges
                0x00000040       0x20 c:/altera/11.0sp1/nios2eds/bin/gnu/h-i686-mingw32/bin/../lib/gcc/nios2-elf/4.1.2/../../../../nios2-elf/lib\libc.a(lib_a-puts.o)
 .debug_aranges
                0x00000060       0x20 c:/altera/11.0sp1/nios2eds/bin/gnu/h-i686-mingw32/bin/../lib/gcc/nios2-elf/4.1.2/../../../../nios2-elf/lib\libc.a(lib_a-strlen.o)
 .debug_aranges
                0x00000080       0x20 c:/altera/11.0sp1/nios2eds/bin/gnu/h-i686-mingw32/bin/../lib/gcc/nios2-elf/4.1.2/../../../../nios2-elf/lib\libc.a(lib_a-fvwrite.o)
 .debug_aranges
                0x000000a0       0x20 c:/altera/11.0sp1/nios2eds/bin/gnu/h-i686-mingw32/bin/../lib/gcc/nios2-elf/4.1.2/../../../../nios2-elf/lib\libc.a(lib_a-mallocr.o)
 .debug_aranges
                0x000000c0       0x20 c:/altera/11.0sp1/nios2eds/bin/gnu/h-i686-mingw32/bin/../lib/gcc/nios2-elf/4.1.2/../../../../nios2-elf/lib\libc.a(lib_a-memchr.o)
 .debug_aranges
                0x000000e0       0x20 c:/altera/11.0sp1/nios2eds/bin/gnu/h-i686-mingw32/bin/../lib/gcc/nios2-elf/4.1.2/../../../../nios2-elf/lib\libc.a(lib_a-memcpy.o)
 .debug_aranges
                0x00000100       0x20 c:/altera/11.0sp1/nios2eds/bin/gnu/h-i686-mingw32/bin/../lib/gcc/nios2-elf/4.1.2/../../../../nios2-elf/lib\libc.a(lib_a-memmove.o)
 .debug_aranges
                0x00000120       0x20 c:/altera/11.0sp1/nios2eds/bin/gnu/h-i686-mingw32/bin/../lib/gcc/nios2-elf/4.1.2/../../../../nios2-elf/lib\libc.a(lib_a-reallocr.o)
 .debug_aranges
                0x00000140       0x20 c:/altera/11.0sp1/nios2eds/bin/gnu/h-i686-mingw32/bin/../lib/gcc/nios2-elf/4.1.2/../../../../nios2-elf/lib\libc.a(lib_a-sbrkr.o)
 .debug_aranges
                0x00000160       0x20 c:/altera/11.0sp1/nios2eds/bin/gnu/h-i686-mingw32/bin/../lib/gcc/nios2-elf/4.1.2/../../../../nios2-elf/lib\libc.a(lib_a-wsetup.o)
 .debug_aranges
                0x00000180       0x20 c:/altera/11.0sp1/nios2eds/bin/gnu/h-i686-mingw32/bin/../lib/gcc/nios2-elf/4.1.2/../../../../nios2-elf/lib\libc.a(lib_a-fflush.o)
 .debug_aranges
                0x000001a0       0x20 c:/altera/11.0sp1/nios2eds/bin/gnu/h-i686-mingw32/bin/../lib/gcc/nios2-elf/4.1.2/../../../../nios2-elf/lib\libc.a(lib_a-findfp.o)
 .debug_aranges
                0x000001c0       0x20 c:/altera/11.0sp1/nios2eds/bin/gnu/h-i686-mingw32/bin/../lib/gcc/nios2-elf/4.1.2/../../../../nios2-elf/lib\libc.a(lib_a-freer.o)
 .debug_aranges
                0x000001e0       0x20 c:/altera/11.0sp1/nios2eds/bin/gnu/h-i686-mingw32/bin/../lib/gcc/nios2-elf/4.1.2/../../../../nios2-elf/lib\libc.a(lib_a-fwalk.o)
 .debug_aranges
                0x00000200       0x20 c:/altera/11.0sp1/nios2eds/bin/gnu/h-i686-mingw32/bin/../lib/gcc/nios2-elf/4.1.2/../../../../nios2-elf/lib\libc.a(lib_a-makebuf.o)
 .debug_aranges
                0x00000220       0x20 c:/altera/11.0sp1/nios2eds/bin/gnu/h-i686-mingw32/bin/../lib/gcc/nios2-elf/4.1.2/../../../../nios2-elf/lib\libc.a(lib_a-memset.o)
 .debug_aranges
                0x00000240       0x20 c:/altera/11.0sp1/nios2eds/bin/gnu/h-i686-mingw32/bin/../lib/gcc/nios2-elf/4.1.2/../../../../nios2-elf/lib\libc.a(lib_a-stdio.o)
 .debug_aranges
                0x00000260       0x20 c:/altera/11.0sp1/nios2eds/bin/gnu/h-i686-mingw32/bin/../lib/gcc/nios2-elf/4.1.2/../../../../nios2-elf/lib\libc.a(lib_a-writer.o)
 .debug_aranges
                0x00000280       0x20 c:/altera/11.0sp1/nios2eds/bin/gnu/h-i686-mingw32/bin/../lib/gcc/nios2-elf/4.1.2/../../../../nios2-elf/lib\libc.a(lib_a-closer.o)
 .debug_aranges
                0x000002a0       0x20 c:/altera/11.0sp1/nios2eds/bin/gnu/h-i686-mingw32/bin/../lib/gcc/nios2-elf/4.1.2/../../../../nios2-elf/lib\libc.a(lib_a-fclose.o)
 .debug_aranges
                0x000002c0       0x20 c:/altera/11.0sp1/nios2eds/bin/gnu/h-i686-mingw32/bin/../lib/gcc/nios2-elf/4.1.2/../../../../nios2-elf/lib\libc.a(lib_a-fstatr.o)
 .debug_aranges
                0x000002e0       0x20 c:/altera/11.0sp1/nios2eds/bin/gnu/h-i686-mingw32/bin/../lib/gcc/nios2-elf/4.1.2/../../../../nios2-elf/lib\libc.a(lib_a-isattyr.o)
 .debug_aranges
                0x00000300       0x20 c:/altera/11.0sp1/nios2eds/bin/gnu/h-i686-mingw32/bin/../lib/gcc/nios2-elf/4.1.2/../../../../nios2-elf/lib\libc.a(lib_a-lseekr.o)
 .debug_aranges
                0x00000320       0x20 c:/altera/11.0sp1/nios2eds/bin/gnu/h-i686-mingw32/bin/../lib/gcc/nios2-elf/4.1.2/../../../../nios2-elf/lib\libc.a(lib_a-readr.o)
 .debug_aranges
                0x00000340       0x20 ../Test_bsp/\libucosii_bsp.a(alt_close.o)
 .debug_aranges
                0x00000360       0x20 ../Test_bsp/\libucosii_bsp.a(alt_dev.o)
 .debug_aranges
                0x00000380       0x20 ../Test_bsp/\libucosii_bsp.a(alt_fstat.o)
 .debug_aranges
                0x000003a0       0x20 ../Test_bsp/\libucosii_bsp.a(alt_isatty.o)
 .debug_aranges
                0x000003c0       0x20 ../Test_bsp/\libucosii_bsp.a(alt_lseek.o)
 .debug_aranges
                0x000003e0       0x20 ../Test_bsp/\libucosii_bsp.a(alt_main.o)
 .debug_aranges
                0x00000400       0x20 ../Test_bsp/\libucosii_bsp.a(alt_read.o)
 .debug_aranges
                0x00000420       0x20 ../Test_bsp/\libucosii_bsp.a(alt_release_fd.o)
 .debug_aranges
                0x00000440       0x20 ../Test_bsp/\libucosii_bsp.a(alt_sbrk.o)
 .debug_aranges
                0x00000460       0x20 ../Test_bsp/\libucosii_bsp.a(alt_write.o)
 .debug_aranges
                0x00000480       0x20 ../Test_bsp/\libucosii_bsp.a(alt_env_lock.o)
 .debug_aranges
                0x000004a0       0x20 ../Test_bsp/\libucosii_bsp.a(alt_malloc_lock.o)
 .debug_aranges
                0x000004c0       0x20 ../Test_bsp/\libucosii_bsp.a(os_core.o)
 .debug_aranges
                0x000004e0       0x20 ../Test_bsp/\libucosii_bsp.a(os_dbg.o)
 .debug_aranges
                0x00000500       0x20 ../Test_bsp/\libucosii_bsp.a(os_flag.o)
 .debug_aranges
                0x00000520       0x20 ../Test_bsp/\libucosii_bsp.a(os_mem.o)
 .debug_aranges
                0x00000540       0x20 ../Test_bsp/\libucosii_bsp.a(os_q.o)
 .debug_aranges
                0x00000560       0x20 ../Test_bsp/\libucosii_bsp.a(os_sem.o)
 .debug_aranges
                0x00000580       0x20 ../Test_bsp/\libucosii_bsp.a(os_task.o)
 .debug_aranges
                0x000005a0       0x20 ../Test_bsp/\libucosii_bsp.a(os_time.o)
 .debug_aranges
                0x000005c0       0x20 ../Test_bsp/\libucosii_bsp.a(alt_sys_init.o)
 .debug_aranges
                0x000005e0       0x20 ../Test_bsp/\libucosii_bsp.a(altera_avalon_epcs_flash_controller.o)
 .debug_aranges
                0x00000600       0x20 ../Test_bsp/\libucosii_bsp.a(altera_avalon_jtag_uart_fd.o)
 .debug_aranges
                0x00000620       0x20 ../Test_bsp/\libucosii_bsp.a(altera_avalon_jtag_uart_init.o)
 .debug_aranges
                0x00000640       0x20 ../Test_bsp/\libucosii_bsp.a(altera_avalon_jtag_uart_ioctl.o)
 .debug_aranges
                0x00000660       0x20 ../Test_bsp/\libucosii_bsp.a(altera_avalon_jtag_uart_read.o)
 .debug_aranges
                0x00000680       0x20 ../Test_bsp/\libucosii_bsp.a(altera_avalon_jtag_uart_write.o)
 .debug_aranges
                0x000006a0       0x20 ../Test_bsp/\libucosii_bsp.a(altera_avalon_timer_sc.o)
 .debug_aranges
                0x000006c0       0x20 ../Test_bsp/\libucosii_bsp.a(epcs_commands.o)
 .debug_aranges
                0x000006e0       0x20 ../Test_bsp/\libucosii_bsp.a(alt_alarm_start.o)
 .debug_aranges
                0x00000700       0x20 ../Test_bsp/\libucosii_bsp.a(alt_dev_llist_insert.o)
 .debug_aranges
                0x00000720       0x20 ../Test_bsp/\libucosii_bsp.a(alt_do_ctors.o)
 .debug_aranges
                0x00000740       0x20 ../Test_bsp/\libucosii_bsp.a(alt_do_dtors.o)
 .debug_aranges
                0x00000760       0x20 ../Test_bsp/\libucosii_bsp.a(alt_flash_dev.o)
 .debug_aranges
                0x00000780       0x20 ../Test_bsp/\libucosii_bsp.a(alt_iic.o)
 .debug_aranges
                0x000007a0       0x20 ../Test_bsp/\libucosii_bsp.a(alt_iic_isr_register.o)
 .debug_aranges
                0x000007c0       0x20 ../Test_bsp/\libucosii_bsp.a(alt_io_redirect.o)
 .debug_aranges
                0x000007e0       0x30 ../Test_bsp/\libucosii_bsp.a(alt_irq_entry.o)
 .debug_aranges
                0x00000810       0x28 ../Test_bsp/\libucosii_bsp.a(alt_irq_handler.o)
 .debug_aranges
                0x00000838       0x20 ../Test_bsp/\libucosii_bsp.a(alt_open.o)
 .debug_aranges
                0x00000858       0x20 ../Test_bsp/\libucosii_bsp.a(alt_tick.o)
 .debug_aranges
                0x00000878       0x20 ../Test_bsp/\libucosii_bsp.a(altera_nios2_irq.o)
 .debug_aranges
                0x00000898       0x20 ../Test_bsp/\libucosii_bsp.a(os_cpu_a.o)
 .debug_aranges
                0x000008b8       0x20 ../Test_bsp/\libucosii_bsp.a(os_cpu_c.o)
 .debug_aranges
                0x000008d8       0x20 ../Test_bsp/\libucosii_bsp.a(altera_avalon_spi.o)
 .debug_aranges
                0x000008f8       0x38 ../Test_bsp/\libucosii_bsp.a(alt_exception_entry.o)
 .debug_aranges
                0x00000930       0x20 ../Test_bsp/\libucosii_bsp.a(alt_find_dev.o)
 .debug_aranges
                0x00000950       0x20 ../Test_bsp/\libucosii_bsp.a(alt_find_file.o)
 .debug_aranges
                0x00000970       0x20 ../Test_bsp/\libucosii_bsp.a(alt_get_fd.o)
 .debug_aranges
                0x00000990       0x20 c:/altera/11.0sp1/nios2eds/bin/gnu/h-i686-mingw32/bin/../lib/gcc/nios2-elf/4.1.2/../../../../nios2-elf/lib\libc.a(lib_a-atexit.o)
 .debug_aranges
                0x000009b0       0x20 c:/altera/11.0sp1/nios2eds/bin/gnu/h-i686-mingw32/bin/../lib/gcc/nios2-elf/4.1.2/../../../../nios2-elf/lib\libc.a(lib_a-exit.o)
 .debug_aranges
                0x000009d0       0x20 c:/altera/11.0sp1/nios2eds/bin/gnu/h-i686-mingw32/bin/../lib/gcc/nios2-elf/4.1.2/../../../../nios2-elf/lib\libc.a(lib_a-memcmp.o)
 .debug_aranges
                0x000009f0       0x20 c:/altera/11.0sp1/nios2eds/bin/gnu/h-i686-mingw32/bin/../lib/gcc/nios2-elf/4.1.2/../../../../nios2-elf/lib\libc.a(lib_a-__atexit.o)
 .debug_aranges
                0x00000a10       0x20 c:/altera/11.0sp1/nios2eds/bin/gnu/h-i686-mingw32/bin/../lib/gcc/nios2-elf/4.1.2/../../../../nios2-elf/lib\libc.a(lib_a-__call_atexit.o)
 .debug_aranges
                0x00000a30       0x20 c:/altera/11.0sp1/nios2eds/bin/gnu/h-i686-mingw32/bin/../lib/gcc/nios2-elf/4.1.2\libgcc.a(lib2-divmod.o)
 .debug_aranges
                0x00000a50       0x20 ../Test_bsp/\libucosii_bsp.a(alt_exit.o)

.debug_pubnames
                0x00000000     0x1bf9
 *(.debug_pubnames)
 .debug_pubnames
                0x00000000       0x4b obj/hello_ucosii.o
 .debug_pubnames
                0x0000004b       0x27 c:/altera/11.0sp1/nios2eds/bin/gnu/h-i686-mingw32/bin/../lib/gcc/nios2-elf/4.1.2/../../../../nios2-elf/lib\libc.a(lib_a-puts.o)
 .debug_pubnames
                0x00000072       0x1d c:/altera/11.0sp1/nios2eds/bin/gnu/h-i686-mingw32/bin/../lib/gcc/nios2-elf/4.1.2/../../../../nios2-elf/lib\libc.a(lib_a-strlen.o)
 .debug_pubnames
                0x0000008f       0x23 c:/altera/11.0sp1/nios2eds/bin/gnu/h-i686-mingw32/bin/../lib/gcc/nios2-elf/4.1.2/../../../../nios2-elf/lib\libc.a(lib_a-fvwrite.o)
 .debug_pubnames
                0x000000b2       0x39 c:/altera/11.0sp1/nios2eds/bin/gnu/h-i686-mingw32/bin/../lib/gcc/nios2-elf/4.1.2/../../../../nios2-elf/lib\libc.a(lib_a-impure.o)
 .debug_pubnames
                0x000000eb       0xce c:/altera/11.0sp1/nios2eds/bin/gnu/h-i686-mingw32/bin/../lib/gcc/nios2-elf/4.1.2/../../../../nios2-elf/lib\libc.a(lib_a-mallocr.o)
 .debug_pubnames
                0x000001b9       0x1d c:/altera/11.0sp1/nios2eds/bin/gnu/h-i686-mingw32/bin/../lib/gcc/nios2-elf/4.1.2/../../../../nios2-elf/lib\libc.a(lib_a-memchr.o)
 .debug_pubnames
                0x000001d6       0x1d c:/altera/11.0sp1/nios2eds/bin/gnu/h-i686-mingw32/bin/../lib/gcc/nios2-elf/4.1.2/../../../../nios2-elf/lib\libc.a(lib_a-memcpy.o)
 .debug_pubnames
                0x000001f3       0x1e c:/altera/11.0sp1/nios2eds/bin/gnu/h-i686-mingw32/bin/../lib/gcc/nios2-elf/4.1.2/../../../../nios2-elf/lib\libc.a(lib_a-memmove.o)
 .debug_pubnames
                0x00000211       0x21 c:/altera/11.0sp1/nios2eds/bin/gnu/h-i686-mingw32/bin/../lib/gcc/nios2-elf/4.1.2/../../../../nios2-elf/lib\libc.a(lib_a-reallocr.o)
 .debug_pubnames
                0x00000232       0x1e c:/altera/11.0sp1/nios2eds/bin/gnu/h-i686-mingw32/bin/../lib/gcc/nios2-elf/4.1.2/../../../../nios2-elf/lib\libc.a(lib_a-sbrkr.o)
 .debug_pubnames
                0x00000250       0x22 c:/altera/11.0sp1/nios2eds/bin/gnu/h-i686-mingw32/bin/../lib/gcc/nios2-elf/4.1.2/../../../../nios2-elf/lib\libc.a(lib_a-wsetup.o)
 .debug_pubnames
                0x00000272       0x2b c:/altera/11.0sp1/nios2eds/bin/gnu/h-i686-mingw32/bin/../lib/gcc/nios2-elf/4.1.2/../../../../nios2-elf/lib\libc.a(lib_a-fflush.o)
 .debug_pubnames
                0x0000029d       0xdb c:/altera/11.0sp1/nios2eds/bin/gnu/h-i686-mingw32/bin/../lib/gcc/nios2-elf/4.1.2/../../../../nios2-elf/lib\libc.a(lib_a-findfp.o)
 .debug_pubnames
                0x00000378       0x31 c:/altera/11.0sp1/nios2eds/bin/gnu/h-i686-mingw32/bin/../lib/gcc/nios2-elf/4.1.2/../../../../nios2-elf/lib\libc.a(lib_a-freer.o)
 .debug_pubnames
                0x000003a9       0x2e c:/altera/11.0sp1/nios2eds/bin/gnu/h-i686-mingw32/bin/../lib/gcc/nios2-elf/4.1.2/../../../../nios2-elf/lib\libc.a(lib_a-fwalk.o)
 .debug_pubnames
                0x000003d7       0x1c c:/altera/11.0sp1/nios2eds/bin/gnu/h-i686-mingw32/bin/../lib/gcc/nios2-elf/4.1.2/../../../../nios2-elf/lib\libc.a(lib_a-int_errno.o)
 .debug_pubnames
                0x000003f3       0x23 c:/altera/11.0sp1/nios2eds/bin/gnu/h-i686-mingw32/bin/../lib/gcc/nios2-elf/4.1.2/../../../../nios2-elf/lib\libc.a(lib_a-makebuf.o)
 .debug_pubnames
                0x00000416       0x1d c:/altera/11.0sp1/nios2eds/bin/gnu/h-i686-mingw32/bin/../lib/gcc/nios2-elf/4.1.2/../../../../nios2-elf/lib\libc.a(lib_a-memset.o)
 .debug_pubnames
                0x00000433       0x44 c:/altera/11.0sp1/nios2eds/bin/gnu/h-i686-mingw32/bin/../lib/gcc/nios2-elf/4.1.2/../../../../nios2-elf/lib\libc.a(lib_a-stdio.o)
 .debug_pubnames
                0x00000477       0x1f c:/altera/11.0sp1/nios2eds/bin/gnu/h-i686-mingw32/bin/../lib/gcc/nios2-elf/4.1.2/../../../../nios2-elf/lib\libc.a(lib_a-writer.o)
 .debug_pubnames
                0x00000496       0x1f c:/altera/11.0sp1/nios2eds/bin/gnu/h-i686-mingw32/bin/../lib/gcc/nios2-elf/4.1.2/../../../../nios2-elf/lib\libc.a(lib_a-closer.o)
 .debug_pubnames
                0x000004b5       0x2b c:/altera/11.0sp1/nios2eds/bin/gnu/h-i686-mingw32/bin/../lib/gcc/nios2-elf/4.1.2/../../../../nios2-elf/lib\libc.a(lib_a-fclose.o)
 .debug_pubnames
                0x000004e0       0x1f c:/altera/11.0sp1/nios2eds/bin/gnu/h-i686-mingw32/bin/../lib/gcc/nios2-elf/4.1.2/../../../../nios2-elf/lib\libc.a(lib_a-fstatr.o)
 .debug_pubnames
                0x000004ff       0x20 c:/altera/11.0sp1/nios2eds/bin/gnu/h-i686-mingw32/bin/../lib/gcc/nios2-elf/4.1.2/../../../../nios2-elf/lib\libc.a(lib_a-isattyr.o)
 .debug_pubnames
                0x0000051f       0x1f c:/altera/11.0sp1/nios2eds/bin/gnu/h-i686-mingw32/bin/../lib/gcc/nios2-elf/4.1.2/../../../../nios2-elf/lib\libc.a(lib_a-lseekr.o)
 .debug_pubnames
                0x0000053e       0x1e c:/altera/11.0sp1/nios2eds/bin/gnu/h-i686-mingw32/bin/../lib/gcc/nios2-elf/4.1.2/../../../../nios2-elf/lib\libc.a(lib_a-readr.o)
 .debug_pubnames
                0x0000055c       0x1c ../Test_bsp/\libucosii_bsp.a(alt_close.o)
 .debug_pubnames
                0x00000578       0x78 ../Test_bsp/\libucosii_bsp.a(alt_dev.o)
 .debug_pubnames
                0x000005f0       0x20 ../Test_bsp/\libucosii_bsp.a(alt_errno.o)
 .debug_pubnames
                0x00000610       0x1c ../Test_bsp/\libucosii_bsp.a(alt_fstat.o)
 .debug_pubnames
                0x0000062c       0x1d ../Test_bsp/\libucosii_bsp.a(alt_isatty.o)
 .debug_pubnames
                0x00000649       0x1c ../Test_bsp/\libucosii_bsp.a(alt_lseek.o)
 .debug_pubnames
                0x00000665       0x46 ../Test_bsp/\libucosii_bsp.a(alt_main.o)
 .debug_pubnames
                0x000006ab       0x1b ../Test_bsp/\libucosii_bsp.a(alt_read.o)
 .debug_pubnames
                0x000006c6       0x25 ../Test_bsp/\libucosii_bsp.a(alt_release_fd.o)
 .debug_pubnames
                0x000006eb       0x1b ../Test_bsp/\libucosii_bsp.a(alt_sbrk.o)
 .debug_pubnames
                0x00000706       0x1c ../Test_bsp/\libucosii_bsp.a(alt_write.o)
 .debug_pubnames
                0x00000722       0x41 ../Test_bsp/\libucosii_bsp.a(alt_env_lock.o)
 .debug_pubnames
                0x00000763       0x48 ../Test_bsp/\libucosii_bsp.a(alt_malloc_lock.o)
 .debug_pubnames
                0x000007ab      0x3f8 ../Test_bsp/\libucosii_bsp.a(os_core.o)
 .debug_pubnames
                0x00000ba3      0x3c5 ../Test_bsp/\libucosii_bsp.a(os_dbg.o)
 .debug_pubnames
                0x00000f68       0xd0 ../Test_bsp/\libucosii_bsp.a(os_flag.o)
 .debug_pubnames
                0x00001038       0x7c ../Test_bsp/\libucosii_bsp.a(os_mem.o)
 .debug_pubnames
                0x000010b4       0xa9 ../Test_bsp/\libucosii_bsp.a(os_q.o)
 .debug_pubnames
                0x0000115d       0x8a ../Test_bsp/\libucosii_bsp.a(os_sem.o)
 .debug_pubnames
                0x000011e7       0xe5 ../Test_bsp/\libucosii_bsp.a(os_task.o)
 .debug_pubnames
                0x000012cc       0x62 ../Test_bsp/\libucosii_bsp.a(os_time.o)
 .debug_pubnames
                0x0000132e       0x34 ../Test_bsp/\libucosii_bsp.a(alt_sys_init.o)
 .debug_pubnames
                0x00001362       0xb5 ../Test_bsp/\libucosii_bsp.a(altera_avalon_epcs_flash_controller.o)
 .debug_pubnames
                0x00001417       0xa5 ../Test_bsp/\libucosii_bsp.a(altera_avalon_jtag_uart_fd.o)
 .debug_pubnames
                0x000014bc       0x55 ../Test_bsp/\libucosii_bsp.a(altera_avalon_jtag_uart_init.o)
 .debug_pubnames
                0x00001511       0x34 ../Test_bsp/\libucosii_bsp.a(altera_avalon_jtag_uart_ioctl.o)
 .debug_pubnames
                0x00001545       0x33 ../Test_bsp/\libucosii_bsp.a(altera_avalon_jtag_uart_read.o)
 .debug_pubnames
                0x00001578       0x34 ../Test_bsp/\libucosii_bsp.a(altera_avalon_jtag_uart_write.o)
 .debug_pubnames
                0x000015ac       0x2f ../Test_bsp/\libucosii_bsp.a(altera_avalon_timer_sc.o)
 .debug_pubnames
                0x000015db       0xe1 ../Test_bsp/\libucosii_bsp.a(epcs_commands.o)
 .debug_pubnames
                0x000016bc       0x26 ../Test_bsp/\libucosii_bsp.a(alt_alarm_start.o)
 .debug_pubnames
                0x000016e2       0x2b ../Test_bsp/\libucosii_bsp.a(alt_dev_llist_insert.o)
 .debug_pubnames
                0x0000170d       0x20 ../Test_bsp/\libucosii_bsp.a(alt_do_ctors.o)
 .debug_pubnames
                0x0000172d       0x20 ../Test_bsp/\libucosii_bsp.a(alt_do_dtors.o)
 .debug_pubnames
                0x0000174d       0x58 ../Test_bsp/\libucosii_bsp.a(alt_flash_dev.o)
 .debug_pubnames
                0x000017a5       0x6e ../Test_bsp/\libucosii_bsp.a(alt_iic.o)
 .debug_pubnames
                0x00001813       0x2b ../Test_bsp/\libucosii_bsp.a(alt_iic_isr_register.o)
 .debug_pubnames
                0x0000183e       0x26 ../Test_bsp/\libucosii_bsp.a(alt_io_redirect.o)
 .debug_pubnames
                0x00001864       0x32 ../Test_bsp/\libucosii_bsp.a(alt_irq_handler.o)
 .debug_pubnames
                0x00001896       0x3b ../Test_bsp/\libucosii_bsp.a(alt_irq_vars.o)
 .debug_pubnames
                0x000018d1       0x1b ../Test_bsp/\libucosii_bsp.a(alt_open.o)
 .debug_pubnames
                0x000018ec       0x68 ../Test_bsp/\libucosii_bsp.a(alt_tick.o)
 .debug_pubnames
                0x00001954       0x2c ../Test_bsp/\libucosii_bsp.a(altera_nios2_irq.o)
 .debug_pubnames
                0x00001980       0xcd ../Test_bsp/\libucosii_bsp.a(os_cpu_c.o)
 .debug_pubnames
                0x00001a4d       0x2d ../Test_bsp/\libucosii_bsp.a(altera_avalon_spi.o)
 .debug_pubnames
                0x00001a7a       0x23 ../Test_bsp/\libucosii_bsp.a(alt_find_dev.o)
 .debug_pubnames
                0x00001a9d       0x24 ../Test_bsp/\libucosii_bsp.a(alt_find_file.o)
 .debug_pubnames
                0x00001ac1       0x21 ../Test_bsp/\libucosii_bsp.a(alt_get_fd.o)
 .debug_pubnames
                0x00001ae2       0x2a c:/altera/11.0sp1/nios2eds/bin/gnu/h-i686-mingw32/bin/../lib/gcc/nios2-elf/4.1.2/../../../../nios2-elf/lib\libc.a(lib_a-atexit.o)
 .debug_pubnames
                0x00001b0c       0x1b c:/altera/11.0sp1/nios2eds/bin/gnu/h-i686-mingw32/bin/../lib/gcc/nios2-elf/4.1.2/../../../../nios2-elf/lib\libc.a(lib_a-exit.o)
 .debug_pubnames
                0x00001b27       0x1d c:/altera/11.0sp1/nios2eds/bin/gnu/h-i686-mingw32/bin/../lib/gcc/nios2-elf/4.1.2/../../../../nios2-elf/lib\libc.a(lib_a-memcmp.o)
 .debug_pubnames
                0x00001b44       0x2a c:/altera/11.0sp1/nios2eds/bin/gnu/h-i686-mingw32/bin/../lib/gcc/nios2-elf/4.1.2/../../../../nios2-elf/lib\libc.a(lib_a-__atexit.o)
 .debug_pubnames
                0x00001b6e       0x27 c:/altera/11.0sp1/nios2eds/bin/gnu/h-i686-mingw32/bin/../lib/gcc/nios2-elf/4.1.2/../../../../nios2-elf/lib\libc.a(lib_a-__call_atexit.o)
 .debug_pubnames
                0x00001b95       0x48 c:/altera/11.0sp1/nios2eds/bin/gnu/h-i686-mingw32/bin/../lib/gcc/nios2-elf/4.1.2\libgcc.a(lib2-divmod.o)
 .debug_pubnames
                0x00001bdd       0x1c ../Test_bsp/\libucosii_bsp.a(alt_exit.o)

.debug_info     0x00000000    0x2714b
 *(.debug_info .gnu.linkonce.wi.*)
 .debug_info    0x00000000       0x5e ../Test_bsp//obj/HAL/src/crt0.o
 .debug_info    0x0000005e      0x218 obj/hello_ucosii.o
 .debug_info    0x00000276      0xa25 c:/altera/11.0sp1/nios2eds/bin/gnu/h-i686-mingw32/bin/../lib/gcc/nios2-elf/4.1.2/../../../../nios2-elf/lib\libc.a(lib_a-puts.o)
 .debug_info    0x00000c9b       0xdb c:/altera/11.0sp1/nios2eds/bin/gnu/h-i686-mingw32/bin/../lib/gcc/nios2-elf/4.1.2/../../../../nios2-elf/lib\libc.a(lib_a-strlen.o)
 .debug_info    0x00000d76      0xa88 c:/altera/11.0sp1/nios2eds/bin/gnu/h-i686-mingw32/bin/../lib/gcc/nios2-elf/4.1.2/../../../../nios2-elf/lib\libc.a(lib_a-fvwrite.o)